../Core/Src/ST7735_Driver.cpp:21:6:void WriteParams()	4	static
../Core/Src/ST7735_Driver.cpp:37:6:void WriteCommand(unsigned char, unsigned char*, unsigned char)	24	static
../Core/Src/ST7735_Driver.cpp:46:6:void HWReset()	8	static
../Core/Src/ST7735_Driver.cpp:52:6:void DisplayInit(SPI_HandleTypeDef*)	64	static
../Core/Src/ST7735_Driver.cpp:82:6:void SetAddr(int, int, int, int)	32	static
../Core/Src/ST7735_Driver.cpp:87:6:void DrawPixel(int, int, unsigned int, int)	40	static
../Core/Src/ST7735_Driver.cpp:98:6:void DrawLine(int, int, int, int, unsigned int)	64	static
../Core/Src/ST7735_Driver.cpp:128:6:void DrawRect(int, int, int, int, int)	32	static
../Core/Src/ST7735_Driver.cpp:135:6:void DrawEllipse(int, int, int, int, int, int)	144	static
../Core/Src/ST7735_Driver.cpp:174:6:void DrawCharacter(char, int, int, uint16_t, uint16_t)	32	static
../Core/Src/ST7735_Driver.cpp:186:6:void WriteText(char*, int, int, int, uint16_t, uint16_t)	40	static
../Core/Src/ST7735_Driver.cpp:194:6:void DrawImage(uint16_t*)	24	static
../Core/Src/ST7735_Driver.cpp:205:14:unsigned int GenColor(unsigned int, unsigned int, unsigned int)	24	static
../Core/Src/ST7735_Driver.cpp:212:14:unsigned int ColorRatio(float, float, float)	24	static
../Core/Src/ST7735_Driver.cpp:30:6:) [with command = int; VarArgs = {int, int, int, int}]	24	static
../Core/Src/ST7735_Driver.cpp:15:6:void Swap(type&, type&) [with type = int]	24	static
C:\ST\STM32CubeIDE_1.13.2\STM32CubeIDE\plugins\com.st.stm32cube.ide.mcu.externaltools.gnu-tools-for-stm32.12.3.rel1.win32_1.0.100.202403111256\tools\bin/../lib/gcc/arm-none-eabi/12.3.1/../../../../arm-none-eabi/include/c++/12.3.1/cmath:415:5:constexpr typename __gnu_cxx::__promote_2<_Tp, _Up>::__type std::pow(_Tp, _Up) [with _Tp = int; _Up = int]	24	static
C:\ST\STM32CubeIDE_1.13.2\STM32CubeIDE\plugins\com.st.stm32cube.ide.mcu.externaltools.gnu-tools-for-stm32.12.3.rel1.win32_1.0.100.202403111256\tools\bin/../lib/gcc/arm-none-eabi/12.3.1/../../../../arm-none-eabi/include/c++/12.3.1/cmath:415:5:constexpr typename __gnu_cxx::__promote_2<_Tp, _Up>::__type std::pow(_Tp, _Up) [with _Tp = float; _Up = int]	24	static
../Core/Src/ST7735_Driver.cpp:24:6:) [with First = int; VarArgs = {int, int, int}]	24	static
../Core/Src/ST7735_Driver.cpp:24:6:) [with First = int; VarArgs = {int, int}]	24	static
../Core/Src/ST7735_Driver.cpp:24:6:) [with First = int; VarArgs = {int}]	16	static
../Core/Src/ST7735_Driver.cpp:24:6:) [with First = int; VarArgs = {}]	16	static
