2024-05-25 13:07:10,500 [INFO] Activator:176 - 


2024-05-25 13:07:10,508 [INFO] Activator:177 - !SESSION log4j initialized
2024-05-25 13:07:21,112 [INFO] LogOutputStream:77 - [STDOUT_REDIRECT] 
2024-05-25 13:07:23,072 [INFO] ApplicationProperties:184 - Using Application install path: C:\ST\STM32CubeIDE_1.13.2\STM32CubeIDE\plugins\com.st.stm32cube.common.mx_6.11.0.202403141607
2024-05-25 13:07:23,098 [INFO] DbMcusXml:78 - Set database path to: C:\ST\STM32CubeIDE_1.13.2\STM32CubeIDE\plugins\com.st.stm32cube.common.mx_6.11.0.202403141607\\db\/mcu/
2024-05-25 13:07:23,099 [INFO] ApiDb:274 - Set plugin database path to: C:\ST\STM32CubeIDE_1.13.2\STM32CubeIDE\plugins\com.st.stm32cube.common.mx_6.11.0.202403141607\\db\/plugins/boardmanager/
2024-05-25 13:07:23,100 [WARN] ApiDb:259 - Overriding images path with different value:  => C:\ST\STM32CubeIDE_1.13.2\STM32CubeIDE\plugins\com.st.stm32cube.common.mx_6.11.0.202403141607\\db\/plugins/mcufinder/images/
2024-05-25 13:07:23,116 [INFO] ApiDb:250 - Set database path to: C:\Users\zuhan\.stmcufinder\plugins\mcufinder//mcu/
2024-05-25 13:07:23,118 [INFO] DbMcusAds:125 - Set database path to: C:\Users\zuhan\.stmcufinder\plugins\mcufinder//mcu/
2024-05-25 13:07:23,120 [INFO] CrossReferenceDbSqlite:203 - Set database path to: C:\Users\zuhan\.stmcufinder\plugins\mcufinder//mcu/cs/
2024-05-25 13:07:23,350 [INFO] RulesReader:64 - Compatibility file has been processed (297 Rules)
2024-05-25 13:07:23,487 [INFO] DbMcusXml:78 - Set database path to: C:\ST\STM32CubeIDE_1.13.2\STM32CubeIDE\plugins\com.st.stm32cube.common.mx_6.11.0.202403141607\\db\/mcu/
2024-05-25 13:07:23,487 [INFO] ApiDb:274 - Set plugin database path to: C:\ST\STM32CubeIDE_1.13.2\STM32CubeIDE\plugins\com.st.stm32cube.common.mx_6.11.0.202403141607\\db\/plugins/boardmanager/
2024-05-25 13:07:23,487 [INFO] ApiDb:261 - Set plugin images path to: C:\ST\STM32CubeIDE_1.13.2\STM32CubeIDE\plugins\com.st.stm32cube.common.mx_6.11.0.202403141607\\db\/plugins/mcufinder/images/
2024-05-25 13:07:23,488 [WARN] DbFile:41 - Overriding database path with different value: C:\Users\zuhan\.stmcufinder\plugins\mcufinder/ => C:\Users\zuhan\.stmcufinder\plugins\mcufinder
2024-05-25 13:07:23,488 [INFO] ApiDb:250 - Set database path to: C:\Users\zuhan\.stmcufinder\plugins\mcufinder//mcu/
2024-05-25 13:07:23,488 [WARN] DbFile:41 - Overriding database path with different value: C:\Users\zuhan\.stmcufinder\plugins\mcufinder/ => C:\Users\zuhan\.stmcufinder\plugins\mcufinder
2024-05-25 13:07:23,488 [INFO] DbMcusAds:125 - Set database path to: C:\Users\zuhan\.stmcufinder\plugins\mcufinder//mcu/
2024-05-25 13:07:23,488 [WARN] DbFile:41 - Overriding database path with different value: C:\Users\zuhan\.stmcufinder\plugins\mcufinder/ => C:\Users\zuhan\.stmcufinder\plugins\mcufinder
2024-05-25 13:07:23,488 [WARN] DbFile:41 - Overriding database path with different value: C:\Users\zuhan\.stmcufinder\plugins\mcufinder/ => C:\Users\zuhan\.stmcufinder\plugins\mcufinder
2024-05-25 13:07:23,488 [INFO] CrossReferenceDbSqlite:203 - Set database path to: C:\Users\zuhan\.stmcufinder\plugins\mcufinder//mcu/cs/
2024-05-25 13:07:23,602 [INFO] MainPanel:264 - HeapMemory: 268435456
2024-05-25 13:07:23,780 [INFO] DbMcusXml:78 - Set database path to: C:\ST\STM32CubeIDE_1.13.2\STM32CubeIDE\plugins\com.st.stm32cube.common.mx_6.11.0.202403141607\\db\/mcu/
2024-05-25 13:07:23,780 [INFO] ApiDb:274 - Set plugin database path to: C:\ST\STM32CubeIDE_1.13.2\STM32CubeIDE\plugins\com.st.stm32cube.common.mx_6.11.0.202403141607\\db\/plugins/boardmanager/
2024-05-25 13:07:23,780 [INFO] ApiDb:261 - Set plugin images path to: C:\ST\STM32CubeIDE_1.13.2\STM32CubeIDE\plugins\com.st.stm32cube.common.mx_6.11.0.202403141607\\db\/plugins/mcufinder/images/
2024-05-25 13:07:23,781 [WARN] DbFile:41 - Overriding database path with different value: C:\Users\zuhan\.stmcufinder\plugins\mcufinder/ => C:\Users\zuhan\.stmcufinder\plugins\mcufinder
2024-05-25 13:07:23,781 [INFO] ApiDb:250 - Set database path to: C:\Users\zuhan\.stmcufinder\plugins\mcufinder//mcu/
2024-05-25 13:07:23,781 [WARN] DbFile:41 - Overriding database path with different value: C:\Users\zuhan\.stmcufinder\plugins\mcufinder/ => C:\Users\zuhan\.stmcufinder\plugins\mcufinder
2024-05-25 13:07:23,782 [INFO] DbMcusAds:125 - Set database path to: C:\Users\zuhan\.stmcufinder\plugins\mcufinder//mcu/
2024-05-25 13:07:23,782 [WARN] DbFile:41 - Overriding database path with different value: C:\Users\zuhan\.stmcufinder\plugins\mcufinder/ => C:\Users\zuhan\.stmcufinder\plugins\mcufinder
2024-05-25 13:07:23,782 [WARN] DbFile:41 - Overriding database path with different value: C:\Users\zuhan\.stmcufinder\plugins\mcufinder/ => C:\Users\zuhan\.stmcufinder\plugins\mcufinder
2024-05-25 13:07:23,782 [INFO] CrossReferenceDbSqlite:203 - Set database path to: C:\Users\zuhan\.stmcufinder\plugins\mcufinder//mcu/cs/
2024-05-25 13:07:23,818 [INFO] ApplicationProperties:184 - Using Application install path: C:\ST\STM32CubeIDE_1.13.2\STM32CubeIDE\plugins\com.st.stm32cube.common.mx_6.11.0.202403141607
2024-05-25 13:07:23,821 [INFO] PluginManage:196 - Search for loadable plugins [exclusion list=, ]
2024-05-25 13:07:23,824 [INFO] PluginManage:310 - Check plugin analytics
2024-05-25 13:07:24,161 [INFO] AnalyticsPlugin:253 - Accepted Software Licenses: STM32CubeMX.6.9.2,STM32CubeMX.6.11.0
2024-05-25 13:07:24,161 [INFO] AnalyticsPlugin:255 - Accepted CMSIS Pack Licenses: 
2024-05-25 13:07:24,162 [INFO] AnalyticsPlugin:257 - Accepted Firmware Licenses: FW.F4.1.27.0,FW.F4.1.28.0,FW.L4.1.18.0
2024-05-25 13:07:24,165 [INFO] PluginManage:359 - Loaded plugin analytics (category:tool,tabindex:-1)
2024-05-25 13:07:24,165 [INFO] PluginManage:310 - Check plugin cadmodel
2024-05-25 13:07:24,185 [INFO] CADModel:105 - Init CAD model plugin
2024-05-25 13:07:24,185 [INFO] PluginManage:359 - Loaded plugin cadmodel (category:power,tabindex:5)
2024-05-25 13:07:24,185 [INFO] PluginManage:310 - Check plugin clock
2024-05-25 13:07:24,218 [INFO] PluginManage:359 - Loaded plugin clock (category:base,tabindex:2)
2024-05-25 13:07:24,218 [INFO] PluginManage:310 - Check plugin ddr
2024-05-25 13:07:24,222 [INFO] PluginManage:359 - Loaded plugin ddr (category:tool,tabindex:6)
2024-05-25 13:07:24,222 [INFO] PluginManage:310 - Check plugin filemanager
2024-05-25 13:07:24,418 [INFO] PluginManage:359 - Loaded plugin filemanager (category:base,tabindex:10)
2024-05-25 13:07:24,419 [INFO] PluginManage:310 - Check plugin ipmanager
2024-05-25 13:07:24,432 [INFO] PluginManage:359 - Loaded plugin ipmanager (category:base,tabindex:5)
2024-05-25 13:07:24,432 [INFO] PluginManage:310 - Check plugin lpbam
2024-05-25 13:07:24,457 [INFO] PluginManage:359 - Loaded plugin lpbam (category:base,tabindex:0)
2024-05-25 13:07:24,457 [INFO] PluginManage:310 - Check plugin memorymap
2024-05-25 13:07:24,493 [INFO] PluginManage:359 - Loaded plugin memorymap (category:base,tabindex:4)
2024-05-25 13:07:24,493 [INFO] PluginManage:310 - Check plugin pinoutandconfiguration
2024-05-25 13:07:24,515 [INFO] PluginManage:359 - Loaded plugin pinoutandconfiguration (category:base,tabindex:1)
2024-05-25 13:07:24,515 [INFO] PluginManage:310 - Check plugin pinoutconfig
2024-05-25 13:07:24,652 [WARN] SupportedApi:132 - Cannot load RTOS API schema: s4s-elt-must-match.1: The content of 'definitions' must match (annotation?, (simpleType | complexType)?, (unique | key | keyref)*)). A problem was found starting at: attribute.
2024-05-25 13:07:24,900 [INFO] PluginManage:359 - Loaded plugin pinoutconfig (category:base,tabindex:0)
2024-05-25 13:07:24,900 [INFO] PluginManage:310 - Check plugin power
2024-05-25 13:07:24,928 [INFO] PluginManage:359 - Loaded plugin power (category:power,tabindex:4)
2024-05-25 13:07:24,928 [INFO] PluginManage:310 - Check plugin projectmanager
2024-05-25 13:07:24,950 [INFO] PluginManage:359 - Loaded plugin projectmanager (category:projectmanager,tabindex:3)
2024-05-25 13:07:24,951 [INFO] PluginManage:310 - Check plugin thirdparty
2024-05-25 13:07:25,473 [INFO] PluginManage:359 - Loaded plugin thirdparty (category:base,tabindex:-1)
2024-05-25 13:07:25,473 [INFO] PluginManage:310 - Check plugin tools
2024-05-25 13:07:25,473 [WARN] IntegrityCheckThread:84 - waiting for thirdparty lock release [integrity check]
2024-05-25 13:07:25,475 [INFO] IntegrityCheckThread:86 - entering critical section [integrity check]
2024-05-25 13:07:25,475 [INFO] ThirdPartyUpdaterWithRetryManager:70 - Updater plugin not ready yet. [1/15]
2024-05-25 13:07:25,524 [INFO] PluginManage:359 - Loaded plugin tools (category:base,tabindex:7)
2024-05-25 13:07:25,525 [INFO] PluginManage:310 - Check plugin tutovideos
2024-05-25 13:07:25,868 [INFO] PluginManage:359 - Loaded plugin tutovideos (category:base,tabindex:-1)
2024-05-25 13:07:25,868 [INFO] PluginManage:310 - Check plugin updater
2024-05-25 13:07:25,883 [INFO] PluginManage:359 - Loaded plugin updater (category:base,tabindex:12)
2024-05-25 13:07:25,883 [INFO] PluginManage:310 - Check plugin userauth
2024-05-25 13:07:25,889 [INFO] UserAuth:114 - Init User Auth plugin
2024-05-25 13:07:25,889 [INFO] PluginManage:359 - Loaded plugin userauth (category:base,tabindex:14)
2024-05-25 13:07:25,890 [INFO] PluginManage:283 - PluginManage : Loaded plugins [17]
2024-05-25 13:07:26,188 [INFO] PinOutPanel:1561 - setPackage(No Configuration,No Configuration)
2024-05-25 13:07:26,289 [INFO] CADModel:165 - CPN selected for project level
2024-05-25 13:07:26,289 [INFO] CADModel:114 - Register for checkConnection events
2024-05-25 13:07:26,322 [INFO] IPUIPlugin:80 - create IPUIPlugin
2024-05-25 13:07:26,322 [INFO] PluginManager:220 - loadIPPluginJar : add adc
2024-05-25 13:07:26,373 [INFO] IPUIPlugin:80 - create IPUIPlugin
2024-05-25 13:07:26,373 [INFO] PluginManager:220 - loadIPPluginJar : add aes
2024-05-25 13:07:26,576 [INFO] IPUIPlugin:80 - create IPUIPlugin
2024-05-25 13:07:26,577 [INFO] PluginManager:220 - loadIPPluginJar : add can
2024-05-25 13:07:26,620 [INFO] IPUIPlugin:80 - create IPUIPlugin
2024-05-25 13:07:26,621 [INFO] PluginManager:220 - loadIPPluginJar : add comp
2024-05-25 13:07:26,677 [INFO] IPUIPlugin:80 - create IPUIPlugin
2024-05-25 13:07:26,677 [INFO] PluginManager:220 - loadIPPluginJar : add cryp
2024-05-25 13:07:26,786 [INFO] IPUIPlugin:80 - create IPUIPlugin
2024-05-25 13:07:26,786 [INFO] PluginManager:220 - loadIPPluginJar : add dfsdm
2024-05-25 13:07:26,806 [INFO] IPUIPlugin:80 - create IPUIPlugin
2024-05-25 13:07:26,807 [INFO] PluginManager:220 - loadIPPluginJar : add dma
2024-05-25 13:07:26,876 [INFO] IPUIPlugin:80 - create IPUIPlugin
2024-05-25 13:07:26,876 [INFO] PluginManager:220 - loadIPPluginJar : add dma3
2024-05-25 13:07:27,016 [INFO] IPUIPlugin:80 - create IPUIPlugin
2024-05-25 13:07:27,016 [INFO] PluginManager:220 - loadIPPluginJar : add extmemmanager
2024-05-25 13:07:27,094 [INFO] IPUIPlugin:80 - create IPUIPlugin
2024-05-25 13:07:27,094 [INFO] PluginManager:220 - loadIPPluginJar : add fatfs
2024-05-25 13:07:27,162 [INFO] IPUIPlugin:80 - create IPUIPlugin
2024-05-25 13:07:27,162 [INFO] PluginManager:220 - loadIPPluginJar : add fmc
2024-05-25 13:07:27,248 [INFO] IPUIPlugin:80 - create IPUIPlugin
2024-05-25 13:07:27,249 [INFO] PluginManager:220 - loadIPPluginJar : add freertos
2024-05-25 13:07:27,278 [INFO] IPUIPlugin:80 - create IPUIPlugin
2024-05-25 13:07:27,279 [INFO] PluginManager:220 - loadIPPluginJar : add genericplugin
2024-05-25 13:07:27,474 [INFO] IPUIPlugin:80 - create IPUIPlugin
2024-05-25 13:07:27,474 [INFO] PluginManager:220 - loadIPPluginJar : add gfxmmu
2024-05-25 13:07:27,767 [INFO] IPUIPlugin:80 - create IPUIPlugin
2024-05-25 13:07:27,767 [INFO] PluginManager:220 - loadIPPluginJar : add gic
2024-05-25 13:07:27,787 [INFO] IPUIPlugin:80 - create IPUIPlugin
2024-05-25 13:07:27,788 [INFO] PluginManager:220 - loadIPPluginJar : add gpio
2024-05-25 13:07:27,911 [INFO] IPUIPlugin:80 - create IPUIPlugin
2024-05-25 13:07:27,911 [INFO] PluginManager:220 - loadIPPluginJar : add gtzc
2024-05-25 13:07:27,963 [INFO] IPUIPlugin:80 - create IPUIPlugin
2024-05-25 13:07:27,963 [INFO] PluginManager:220 - loadIPPluginJar : add hash
2024-05-25 13:07:28,098 [INFO] IPUIPlugin:80 - create IPUIPlugin
2024-05-25 13:07:28,099 [INFO] PluginManager:220 - loadIPPluginJar : add i2c
2024-05-25 13:07:28,223 [INFO] IPUIPlugin:80 - create IPUIPlugin
2024-05-25 13:07:28,223 [INFO] PluginManager:220 - loadIPPluginJar : add i2s
2024-05-25 13:07:28,278 [INFO] IPUIPlugin:80 - create IPUIPlugin
2024-05-25 13:07:28,278 [INFO] PluginManager:220 - loadIPPluginJar : add i3c
2024-05-25 13:07:28,476 [INFO] ThirdPartyUpdaterWithRetryManager:70 - Updater plugin not ready yet. [2/15]
2024-05-25 13:07:28,490 [INFO] IPUIPlugin:80 - create IPUIPlugin
2024-05-25 13:07:28,491 [INFO] PluginManager:220 - loadIPPluginJar : add ipddr
2024-05-25 13:07:28,684 [INFO] IPUIPlugin:80 - create IPUIPlugin
2024-05-25 13:07:28,685 [INFO] PluginManager:220 - loadIPPluginJar : add linkedlist
2024-05-25 13:07:28,735 [INFO] IPUIPlugin:80 - create IPUIPlugin
2024-05-25 13:07:28,736 [INFO] PluginManager:220 - loadIPPluginJar : add lorawan
2024-05-25 13:07:28,792 [INFO] IPUIPlugin:80 - create IPUIPlugin
2024-05-25 13:07:28,792 [INFO] PluginManager:220 - loadIPPluginJar : add ltdc
2024-05-25 13:07:28,885 [INFO] IPUIPlugin:80 - create IPUIPlugin
2024-05-25 13:07:28,885 [INFO] PluginManager:220 - loadIPPluginJar : add mdma
2024-05-25 13:07:28,902 [INFO] IPUIPlugin:80 - create IPUIPlugin
2024-05-25 13:07:28,903 [INFO] PluginManager:220 - loadIPPluginJar : add nvic
2024-05-25 13:07:28,952 [INFO] IPUIPlugin:80 - create IPUIPlugin
2024-05-25 13:07:28,952 [INFO] PluginManager:220 - loadIPPluginJar : add opamp
2024-05-25 13:07:29,048 [INFO] IPUIPlugin:80 - create IPUIPlugin
2024-05-25 13:07:29,048 [INFO] PluginManager:220 - loadIPPluginJar : add openamp
2024-05-25 13:07:29,244 [INFO] IPUIPlugin:80 - create IPUIPlugin
2024-05-25 13:07:29,244 [INFO] PluginManager:220 - loadIPPluginJar : add pdm2pcm
2024-05-25 13:07:29,264 [INFO] IPUIPlugin:80 - create IPUIPlugin
2024-05-25 13:07:29,268 [INFO] PluginManager:220 - loadIPPluginJar : add plateformsettings
2024-05-25 13:07:29,306 [INFO] IPUIPlugin:80 - create IPUIPlugin
2024-05-25 13:07:29,306 [INFO] PluginManager:220 - loadIPPluginJar : add quadspi
2024-05-25 13:07:29,326 [INFO] IPUIPlugin:80 - create IPUIPlugin
2024-05-25 13:07:29,326 [INFO] PluginManager:220 - loadIPPluginJar : add resmgrutility
2024-05-25 13:07:29,466 [INFO] IPUIPlugin:80 - create IPUIPlugin
2024-05-25 13:07:29,466 [INFO] PluginManager:220 - loadIPPluginJar : add sai
2024-05-25 13:07:29,588 [INFO] IPUIPlugin:80 - create IPUIPlugin
2024-05-25 13:07:29,589 [INFO] PluginManager:220 - loadIPPluginJar : add spi
2024-05-25 13:07:29,691 [INFO] IPUIPlugin:80 - create IPUIPlugin
2024-05-25 13:07:29,691 [INFO] PluginManager:220 - loadIPPluginJar : add stm32_wpan
2024-05-25 13:07:29,796 [INFO] IPUIPlugin:80 - create IPUIPlugin
2024-05-25 13:07:29,797 [INFO] PluginManager:220 - loadIPPluginJar : add tim
2024-05-25 13:07:30,000 [INFO] IPUIPlugin:80 - create IPUIPlugin
2024-05-25 13:07:30,001 [INFO] PluginManager:220 - loadIPPluginJar : add touchsensing
2024-05-25 13:07:30,039 [INFO] IPUIPlugin:80 - create IPUIPlugin
2024-05-25 13:07:30,040 [INFO] PluginManager:220 - loadIPPluginJar : add tracer_emb
2024-05-25 13:07:30,130 [INFO] IPUIPlugin:80 - create IPUIPlugin
2024-05-25 13:07:30,130 [INFO] PluginManager:220 - loadIPPluginJar : add ts
2024-05-25 13:07:30,166 [INFO] IPUIPlugin:80 - create IPUIPlugin
2024-05-25 13:07:30,166 [INFO] PluginManager:220 - loadIPPluginJar : add tsc
2024-05-25 13:07:30,206 [INFO] IPUIPlugin:80 - create IPUIPlugin
2024-05-25 13:07:30,206 [INFO] PluginManager:220 - loadIPPluginJar : add ucpd
2024-05-25 13:07:30,342 [INFO] IPUIPlugin:80 - create IPUIPlugin
2024-05-25 13:07:30,342 [INFO] PluginManager:220 - loadIPPluginJar : add usart
2024-05-25 13:07:30,407 [INFO] IPUIPlugin:80 - create IPUIPlugin
2024-05-25 13:07:30,408 [INFO] PluginManager:220 - loadIPPluginJar : add usbx
2024-05-25 13:07:30,581 [INFO] CADModel:165 - CPN selected for project level
2024-05-25 13:07:30,581 [INFO] CADModel:114 - Register for checkConnection events
2024-05-25 13:07:30,582 [FATAL] Updater:308 - Updater called before beeing initialized
2024-05-25 13:07:30,582 [ERROR] CADModel:125 - Updater not yet initialized, retry later 
2024-05-25 13:07:30,869 [INFO] CADModel:165 - CPN selected for project level
2024-05-25 13:07:30,869 [INFO] CADModel:114 - Register for checkConnection events
2024-05-25 13:07:30,869 [FATAL] Updater:308 - Updater called before beeing initialized
2024-05-25 13:07:30,869 [ERROR] CADModel:125 - Updater not yet initialized, retry later 
2024-05-25 13:07:30,873 [FATAL] Updater:308 - Updater called before beeing initialized
2024-05-25 13:07:31,076 [FATAL] Updater:308 - Updater called before beeing initialized
2024-05-25 13:07:31,095 [INFO] DbMcusAds:53 - JSON generation date=Wed Nov 29 05:52:27 EST 2023 (1701255147349)
2024-05-25 13:07:31,095 [FATAL] Updater:308 - Updater called before beeing initialized
2024-05-25 13:07:31,249 [WARN] DetailPanel:346 - Failed to get advertising image, set to default
2024-05-25 13:07:31,444 [FATAL] Updater:308 - Updater called before beeing initialized
2024-05-25 13:07:31,447 [FATAL] Updater:308 - Updater called before beeing initialized
2024-05-25 13:07:31,448 [FATAL] Updater:308 - Updater called before beeing initialized
2024-05-25 13:07:31,448 [WARN] DetailPanel:346 - Failed to get advertising image, set to default
2024-05-25 13:07:31,449 [FATAL] Updater:308 - Updater called before beeing initialized
2024-05-25 13:07:31,480 [INFO] ThirdPartyUpdaterWithRetryManager:70 - Updater plugin not ready yet. [3/15]
2024-05-25 13:07:31,540 [ERROR] Updater:1120 - MainUpdater not yet initialized. External WinMGr cannot be set.
2024-05-25 13:07:31,554 [INFO] Updater:1056 - Updater Version found : 6.11.0
2024-05-25 13:07:31,579 [INFO] ApplicationProperties:184 - Using Application install path: C:\ST\STM32CubeIDE_1.13.2\STM32CubeIDE\plugins\com.st.stm32cube.common.mx_6.11.0.202403141607
2024-05-25 13:07:32,417 [INFO] MainUpdater:2873 - connection check result : 10
2024-05-25 13:07:32,418 [INFO] MainUpdater:3567 - Updater definition file requires update
2024-05-25 13:07:32,419 [INFO] MainUpdater:290 - Updater Check For Update Now.
2024-05-25 13:07:32,420 [INFO] MicroXplorer:498 - Change Database Version : DB.6.0.110
2024-05-25 13:07:32,454 [INFO] McuFinderGlobals:63 - Set McuFinder mode to 2 (CubeIDE integrated)
2024-05-25 13:07:32,472 [INFO] UserAuth:415 - Internet connection configuration mode: 1
2024-05-25 13:07:32,513 [INFO] JxBrowserEngine:152 - Initiate JxBrowser Engine with user profile folder
2024-05-25 13:07:32,551 [INFO] ServerAccessManage:473 - Download File updaters.zip
2024-05-25 13:07:32,705 [INFO] FileExtend:240 - Unzip File : updaters.zip
2024-05-25 13:07:32,706 [INFO] FileExtend:255 - Standard Zip Deflate
2024-05-25 13:07:33,258 [INFO] ServerAccessManage:473 - Download File PacksControlFlags.xml
2024-05-25 13:07:33,384 [INFO] ServerAccessManage:473 - Download File cubemx.pidx
2024-05-25 13:07:34,112 [INFO] ServerAccessManage:473 - Download File STMicroelectronics.X-CUBE-ALS.pdsc
2024-05-25 13:07:34,480 [WARN] MainUpdater:1194 - Updater busy. Cannot search thirdparties
2024-05-25 13:07:34,480 [INFO] ThirdPartyUpdaterWithRetryManager:96 - Updater plugin is busy. [1/15]
2024-05-25 13:07:35,152 [INFO] ServerAccessManage:473 - Download File STMicroelectronics.X-CUBE-ALGOBUILD.pdsc
2024-05-25 13:07:36,832 [INFO] ServerAccessManage:473 - Download File Cesanta.I-CUBE-Mongoose.pdsc
2024-05-25 13:07:37,484 [WARN] MainUpdater:1194 - Updater busy. Cannot search thirdparties
2024-05-25 13:07:37,484 [INFO] ThirdPartyUpdaterWithRetryManager:96 - Updater plugin is busy. [2/15]
2024-05-25 13:07:37,861 [WARN] PackLoader:240 - Cannot read IP mode file for STMicroelectronics.X-CUBE-ALS.1.0.2
2024-05-25 13:07:37,874 [WARN] PackLoader:240 - Cannot read IP mode file for STMicroelectronics.X-CUBE-ALGOBUILD.1.4.0
2024-05-25 13:07:37,889 [WARN] PackLoader:240 - Cannot read IP mode file for Cesanta.I-CUBE-Mongoose.7.13.0
2024-05-25 13:07:37,890 [INFO] PopulateThirdPartyThread:66 - Ending populate Thread
2024-05-25 13:07:37,891 [INFO] ThirdParty:1030 - CMSIS Pack Vendor :STMicroelectronics X-CUBE-ALS 1.0.2
2024-05-25 13:07:37,891 [INFO] ThirdParty:1030 - CMSIS Pack Vendor :Cesanta I-CUBE-Mongoose 7.13.0
2024-05-25 13:07:37,891 [INFO] ThirdParty:1030 - CMSIS Pack Vendor :STMicroelectronics X-CUBE-ALGOBUILD 1.4.0
2024-05-25 13:07:37,892 [INFO] LoadServerUpdatesThread:375 - End of LoadServerUpdate Thread
2024-05-25 13:07:37,978 [INFO] CheckServerUpdateThread:120 - End of CheckServer Thread
2024-05-25 13:07:40,768 [WARN] PackLoader:240 - Cannot read IP mode file for STMicroelectronics.FP-SNS-MOTENVWB1.1.4.0
2024-05-25 13:07:40,776 [INFO] WebApp:161 - Instantiating new browser for Auth
2024-05-25 13:07:40,786 [WARN] PackLoader:240 - Cannot read IP mode file for STMicroelectronics.X-CUBE-SMBUS.2.1.0
2024-05-25 13:07:40,901 [WARN] PackLoader:240 - Cannot read IP mode file for STMicroelectronics.X-CUBE-TOUCHGFX.4.23.2
2024-05-25 13:07:40,967 [WARN] PackLoader:240 - Cannot read IP mode file for STMicroelectronics.X-CUBE-AZRTOS-F7.1.1.0
2024-05-25 13:07:40,999 [WARN] PackLoader:240 - Cannot read IP mode file for STMicroelectronics.FP-SNS-MOTENV1.4.3.2
2024-05-25 13:07:41,021 [WARN] PackLoader:240 - Cannot read IP mode file for STMicroelectronics.FP-SNS-FLIGHT1.5.0.2
2024-05-25 13:07:41,049 [WARN] PackLoader:240 - Cannot read IP mode file for STMicroelectronics.X-CUBE-DISPLAY.3.0.0
2024-05-25 13:07:41,078 [WARN] PackLoader:240 - Cannot read IP mode file for STMicroelectronics.X-CUBE-BLE1.7.0.0
2024-05-25 13:07:41,105 [WARN] PackLoader:240 - Cannot read IP mode file for emotas.I-CUBE-CANOPEN.1.3.0
2024-05-25 13:07:41,127 [WARN] PackLoader:240 - Cannot read IP mode file for STMicroelectronics.X-CUBE-TOUCHGFX.4.22.1
2024-05-25 13:07:41,155 [WARN] PackLoader:240 - Cannot read IP mode file for STMicroelectronics.X-CUBE-BLEMGR.3.1.0
2024-05-25 13:07:41,199 [INFO] LogOutputStream:77 - [STDOUT_REDIRECT] 1 : Invalid condition id : UX_CORESTACK_Condition cause : null
2024-05-25 13:07:41,200 [INFO] LogOutputStream:77 - [STDOUT_REDIRECT] 1 : Invalid condition id : UX_CORESTACK_Condition cause : null
2024-05-25 13:07:41,204 [INFO] LogOutputStream:77 - [STDOUT_REDIRECT] 1 : Invalid condition id : UX_CORESTACK_Condition cause : null
2024-05-25 13:07:41,208 [INFO] LogOutputStream:77 - [STDOUT_REDIRECT] 1 : Invalid condition id : UX_CORESTACK_Condition cause : null
2024-05-25 13:07:41,211 [INFO] LogOutputStream:77 - [STDOUT_REDIRECT] 1 : Invalid condition id : UX_CORESTACK_Condition cause : null
2024-05-25 13:07:41,218 [WARN] PackLoader:240 - Cannot read IP mode file for STMicroelectronics.X-CUBE-AZRTOS-WL.2.0.0
2024-05-25 13:07:41,250 [WARN] PackLoader:240 - Cannot read IP mode file for STMicroelectronics.FP-SNS-MOTENV1.5.0.0
2024-05-25 13:07:41,278 [WARN] PackLoader:240 - Cannot read IP mode file for WES.I-CUBE-Cesium.1.3.0
2024-05-25 13:07:41,296 [WARN] PackLoader:240 - Cannot read IP mode file for STMicroelectronics.X-CUBE-BLE2.3.3.0
2024-05-25 13:07:41,313 [WARN] PackLoader:240 - Cannot read IP mode file for STMicroelectronics.X-CUBE-TCPP.4.1.0
2024-05-25 13:07:41,333 [WARN] PackLoader:240 - Cannot read IP mode file for STMicroelectronics.X-CUBE-ALGOBUILD.1.3.0
2024-05-25 13:07:41,372 [WARN] PackLoader:240 - Cannot read IP mode file for STMicroelectronics.X-CUBE-AZRTOS-G0.1.1.0
2024-05-25 13:07:41,390 [WARN] PackLoader:240 - Cannot read IP mode file for STMicroelectronics.X-CUBE-SAFEA1.1.2.2
2024-05-25 13:07:41,407 [WARN] PackLoader:240 - Cannot read IP mode file for STMicroelectronics.X-CUBE-NFC4.3.0.0
2024-05-25 13:07:41,425 [WARN] PackLoader:240 - Cannot read IP mode file for STMicroelectronics.X-CUBE-BLEMGR.3.0.0
2024-05-25 13:07:41,442 [WARN] PackLoader:240 - Cannot read IP mode file for STMicroelectronics.FP-ATR-SIGFOX1.3.2.0
2024-05-25 13:07:41,457 [WARN] PackLoader:240 - Cannot read IP mode file for STMicroelectronics.X-CUBE-EEPRMA1.5.1.0
2024-05-25 13:07:41,500 [WARN] PackLoader:240 - Cannot read IP mode file for SEGGER.I-CUBE-embOS.1.3.1
2024-05-25 13:07:41,548 [WARN] PackLoader:240 - Cannot read IP mode file for STMicroelectronics.X-CUBE-ALGOBUILD.1.4.0
2024-05-25 13:07:41,565 [WARN] PackLoader:240 - Cannot read IP mode file for STMicroelectronics.X-CUBE-GNSS1.6.0.0
2024-05-25 13:07:41,602 [WARN] PackLoader:240 - Cannot read IP mode file for STMicroelectronics.X-CUBE-AZRTOS-F4.1.1.0
2024-05-25 13:07:41,626 [WARN] PackLoader:240 - Cannot read IP mode file for wolfSSL.I-CUBE-wolfSSL.5.6.3
2024-05-25 13:07:41,640 [WARN] PackLoader:240 - Cannot read IP mode file for STMicroelectronics.X-CUBE-FREERTOS.1.2.0
2024-05-25 13:07:41,680 [WARN] PackLoader:240 - Cannot read IP mode file for STMicroelectronics.X-CUBE-AZRTOS-L5.2.0.0
2024-05-25 13:07:41,750 [WARN] PackLoader:240 - Cannot read IP mode file for STMicroelectronics.X-CUBE-MEMS1.9.6.0
2024-05-25 13:07:41,885 [WARN] PackLoader:240 - Cannot read IP mode file for STMicroelectronics.X-CUBE-EEPRMA1.4.2.0
2024-05-25 13:07:41,904 [WARN] PackLoader:240 - Cannot read IP mode file for STMicroelectronics.X-CUBE-NFC6.3.1.0
2024-05-25 13:07:41,922 [WARN] PackLoader:240 - Cannot read IP mode file for ITTIA_DB.I-CUBE-ITTIADB.8.8.0
2024-05-25 13:07:41,944 [WARN] PackLoader:240 - Cannot read IP mode file for STMicroelectronics.X-CUBE-BLEMGR.2.0.0
2024-05-25 13:07:41,963 [WARN] PackLoader:240 - Cannot read IP mode file for STMicroelectronics.X-CUBE-AI.9.0.0
2024-05-25 13:07:41,997 [WARN] ConditionMgr:438 - getConditionDescription Invalid condition id : UX DEVICE CLASS RTOS Condition cause : null
2024-05-25 13:07:41,997 [WARN] ConditionMgr:438 - getConditionDescription Invalid condition id : UX DEVICE CLASS RTOS Condition cause : null
2024-05-25 13:07:41,999 [WARN] PackLoader:240 - Cannot read IP mode file for STMicroelectronics.X-CUBE-AZRTOS-H7.3.1.0
2024-05-25 13:07:42,000 [WARN] ConditionMgr:1039 - genDependencies : Invalid condition id : UX DEVICE CLASS RTOS Condition cause : null
2024-05-25 13:07:42,001 [WARN] ConditionMgr:1039 - genDependencies : Invalid condition id : UX DEVICE CLASS RTOS Condition cause : null
2024-05-25 13:07:42,001 [WARN] ConditionMgr:1039 - genDependencies : Invalid condition id : UX DEVICE CLASS RTOS Condition cause : null
2024-05-25 13:07:42,001 [WARN] ConditionMgr:1039 - genDependencies : Invalid condition id : UX DEVICE CLASS RTOS Condition cause : null
2024-05-25 13:07:42,001 [WARN] ConditionMgr:1039 - genDependencies : Invalid condition id : UX DEVICE CLASS RTOS Condition cause : null
2024-05-25 13:07:42,020 [WARN] PackLoader:240 - Cannot read IP mode file for STMicroelectronics.X-CUBE-NFC7.1.0.1
2024-05-25 13:07:42,038 [WARN] PackLoader:240 - Cannot read IP mode file for STMicroelectronics.X-CUBE-NFC6.3.0.0
2024-05-25 13:07:42,060 [WARN] PackLoader:240 - Cannot read IP mode file for STMicroelectronics.X-CUBE-EEPRMA1.4.1.0
2024-05-25 13:07:42,075 [WARN] PackLoader:240 - Cannot read IP mode file for STMicroelectronics.X-CUBE-AI.8.1.0
2024-05-25 13:07:42,107 [WARN] ConditionMgr:438 - getConditionDescription Invalid condition id : LAN8742 Phy interface Condition cause : null
2024-05-25 13:07:42,107 [WARN] PackLoader:240 - Cannot read IP mode file for STMicroelectronics.X-CUBE-AZRTOS-L4.2.0.0
2024-05-25 13:07:42,109 [WARN] ConditionMgr:1039 - genDependencies : Invalid condition id : LAN8742 Phy interface Condition cause : null
2024-05-25 13:07:42,109 [WARN] ConditionMgr:1039 - genDependencies : Invalid condition id : LAN8742 Phy interface Condition cause : null
2024-05-25 13:07:42,110 [WARN] ConditionMgr:1039 - genDependencies : Invalid condition id : LAN8742 Phy interface Condition cause : null
2024-05-25 13:07:42,127 [WARN] PackLoader:240 - Cannot read IP mode file for STMicroelectronics.X-CUBE-SFXS2LP1.4.0.0
2024-05-25 13:07:42,143 [WARN] PackLoader:240 - Cannot read IP mode file for STMicroelectronics.X-CUBE-ISPU.1.1.0
2024-05-25 13:07:42,184 [WARN] ConditionMgr:438 - getConditionDescription Invalid condition id : UX DEVICE CLASS RTOS Condition cause : null
2024-05-25 13:07:42,184 [WARN] ConditionMgr:438 - getConditionDescription Invalid condition id : UX DEVICE CLASS RTOS Condition cause : null
2024-05-25 13:07:42,186 [WARN] PackLoader:240 - Cannot read IP mode file for STMicroelectronics.X-CUBE-AZRTOS-WB.2.0.0
2024-05-25 13:07:42,187 [WARN] ConditionMgr:1039 - genDependencies : Invalid condition id : UX DEVICE CLASS RTOS Condition cause : null
2024-05-25 13:07:42,187 [WARN] ConditionMgr:1039 - genDependencies : Invalid condition id : UX DEVICE CLASS RTOS Condition cause : null
2024-05-25 13:07:42,188 [WARN] ConditionMgr:1039 - genDependencies : Invalid condition id : UX DEVICE CLASS RTOS Condition cause : null
2024-05-25 13:07:42,188 [WARN] ConditionMgr:1039 - genDependencies : Invalid condition id : UX DEVICE CLASS RTOS Condition cause : null
2024-05-25 13:07:42,188 [WARN] ConditionMgr:1039 - genDependencies : Invalid condition id : UX DEVICE CLASS RTOS Condition cause : null
2024-05-25 13:07:42,217 [WARN] PackLoader:240 - Cannot read IP mode file for STMicroelectronics.X-CUBE-SUBG2.5.0.0
2024-05-25 13:07:42,228 [WARN] PackLoader:240 - Cannot read IP mode file for Cesanta.I-CUBE-Mongoose.7.13.0
2024-05-25 13:07:42,267 [WARN] PackLoader:240 - Cannot read IP mode file for STMicroelectronics.X-CUBE-TOF1.3.3.1
2024-05-25 13:07:42,313 [INFO] WebApp:779 - Register for checkConnection events
2024-05-25 13:07:42,314 [INFO] WebApp:414 - Apply proxy settings
2024-05-25 13:07:42,314 [INFO] WebApp:499 - Chromium requires no authentication
2024-05-25 13:07:42,314 [WARN] PackLoader:240 - Cannot read IP mode file for STMicroelectronics.X-CUBE-AZRTOS-G4.2.0.0
2024-05-25 13:07:42,341 [WARN] PackLoader:240 - Cannot read IP mode file for Infineon.AIROC-Wi-Fi-Bluetooth-STM32.1.5.1
2024-05-25 13:07:42,347 [INFO] WebApp:442 - Direct internet connection detected
2024-05-25 13:07:42,362 [WARN] PackLoader:240 - Cannot read IP mode file for STMicroelectronics.FP-SNS-MOTENVWB1.1.3.0
2024-05-25 13:07:42,377 [WARN] PackLoader:240 - Cannot read IP mode file for STMicroelectronics.FP-SNS-MOTENVWB1.1.3.1
2024-05-25 13:07:42,395 [WARN] PackLoader:240 - Cannot read IP mode file for STMicroelectronics.X-CUBE-ISPU.2.0.0
2024-05-25 13:07:42,400 [WARN] PackLoader:240 - Cannot read IP mode file for STMicroelectronics.X-CUBE-ALS.1.0.2
2024-05-25 13:07:42,457 [WARN] PackLoader:240 - Cannot read IP mode file for STMicroelectronics.X-CUBE-MEMS1.10.0.0
2024-05-25 13:07:42,572 [WARN] PackLoader:240 - Cannot read IP mode file for STMicroelectronics.X-CUBE-FREERTOS.1.1.0
2024-05-25 13:07:42,594 [WARN] PackLoader:240 - Cannot read IP mode file for portGmbH.I-Cube-SoM-uGOAL.1.1.0
2024-05-25 13:07:42,611 [WARN] PackLoader:240 - Cannot read IP mode file for STMicroelectronics.X-CUBE-ALS.1.0.1
2024-05-25 13:07:42,644 [WARN] PackLoader:240 - Cannot read IP mode file for STMicroelectronics.X-CUBE-AZRTOS-H7RS.1.0.0
2024-05-25 13:07:42,652 [WARN] PackLoader:240 - Cannot read IP mode file for STMicroelectronics.FP-ATR-ASTRA1.2.0.0
2024-05-25 13:07:42,675 [WARN] PackLoader:240 - Cannot read IP mode file for STMicroelectronics.X-CUBE-TOF1.3.4.0
2024-05-25 13:07:42,707 [WARN] PackLoader:240 - Cannot read IP mode file for STMicroelectronics.X-CUBE-TOF1.3.4.1
2024-05-25 13:07:42,753 [WARN] PackLoader:240 - Cannot read IP mode file for STMicroelectronics.X-CUBE-AZRTOS-H7.3.2.0
2024-05-25 13:07:42,758 [INFO] ThirdParty:978 - Integrity check success = true
2024-05-25 13:07:42,758 [INFO] IntegrityCheckThread:100 - exiting critical section [integrity check]
2024-05-25 13:07:42,758 [INFO] IntegrityCheckThread:103 - End integrity checks thread
2024-05-25 13:07:43,271 [INFO] WebApp:192 - Starting web application
2024-05-25 13:07:43,271 [INFO] WebApp:544 - Web application path used C:\ST\STM32CubeIDE_1.13.2\STM32CubeIDE\plugins\com.st.stm32cube.common.mx_6.11.0.202403141607\db\plugins\mcufinder\reactClient1\index.html
2024-05-25 13:18:41,831 [ERROR] LogOutputStream:75 - [STDERR_REDIRECT] 
