2025-01-16 17:41:15,909 [INFO] Activator:176 - 


2025-01-16 17:41:15,914 [INFO] Activator:177 - !SESSION log4j initialized
2025-01-16 17:41:27,503 [INFO] LogOutputStream:77 - [STDOUT_REDIRECT] 
2025-01-16 17:41:29,843 [INFO] ApplicationProperties:184 - Using Application install path: C:\ST\STM32CubeIDE_1.13.2\STM32CubeIDE\plugins\com.st.stm32cube.common.mx_6.11.0.202403141607
2025-01-16 17:41:29,860 [INFO] DbMcusXml:78 - Set database path to: C:\ST\STM32CubeIDE_1.13.2\STM32CubeIDE\plugins\com.st.stm32cube.common.mx_6.11.0.202403141607\\db\/mcu/
2025-01-16 17:41:29,860 [INFO] ApiDb:274 - Set plugin database path to: C:\ST\STM32CubeIDE_1.13.2\STM32CubeIDE\plugins\com.st.stm32cube.common.mx_6.11.0.202403141607\\db\/plugins/boardmanager/
2025-01-16 17:41:29,861 [WARN] ApiDb:259 - Overriding images path with different value:  => C:\ST\STM32CubeIDE_1.13.2\STM32CubeIDE\plugins\com.st.stm32cube.common.mx_6.11.0.202403141607\\db\/plugins/mcufinder/images/
2025-01-16 17:41:29,878 [INFO] ApiDb:250 - Set database path to: C:\Users\zuhan\.stmcufinder\plugins\mcufinder//mcu/
2025-01-16 17:41:29,879 [INFO] DbMcusAds:125 - Set database path to: C:\Users\zuhan\.stmcufinder\plugins\mcufinder//mcu/
2025-01-16 17:41:29,881 [INFO] CrossReferenceDbSqlite:203 - Set database path to: C:\Users\zuhan\.stmcufinder\plugins\mcufinder//mcu/cs/
2025-01-16 17:41:29,993 [INFO] RulesReader:64 - Compatibility file has been processed (297 Rules)
2025-01-16 17:41:30,102 [INFO] DbMcusXml:78 - Set database path to: C:\ST\STM32CubeIDE_1.13.2\STM32CubeIDE\plugins\com.st.stm32cube.common.mx_6.11.0.202403141607\\db\/mcu/
2025-01-16 17:41:30,103 [INFO] ApiDb:274 - Set plugin database path to: C:\ST\STM32CubeIDE_1.13.2\STM32CubeIDE\plugins\com.st.stm32cube.common.mx_6.11.0.202403141607\\db\/plugins/boardmanager/
2025-01-16 17:41:30,103 [INFO] ApiDb:261 - Set plugin images path to: C:\ST\STM32CubeIDE_1.13.2\STM32CubeIDE\plugins\com.st.stm32cube.common.mx_6.11.0.202403141607\\db\/plugins/mcufinder/images/
2025-01-16 17:41:30,103 [WARN] DbFile:41 - Overriding database path with different value: C:\Users\zuhan\.stmcufinder\plugins\mcufinder/ => C:\Users\zuhan\.stmcufinder\plugins\mcufinder
2025-01-16 17:41:30,103 [INFO] ApiDb:250 - Set database path to: C:\Users\zuhan\.stmcufinder\plugins\mcufinder//mcu/
2025-01-16 17:41:30,103 [WARN] DbFile:41 - Overriding database path with different value: C:\Users\zuhan\.stmcufinder\plugins\mcufinder/ => C:\Users\zuhan\.stmcufinder\plugins\mcufinder
2025-01-16 17:41:30,103 [INFO] DbMcusAds:125 - Set database path to: C:\Users\zuhan\.stmcufinder\plugins\mcufinder//mcu/
2025-01-16 17:41:30,103 [WARN] DbFile:41 - Overriding database path with different value: C:\Users\zuhan\.stmcufinder\plugins\mcufinder/ => C:\Users\zuhan\.stmcufinder\plugins\mcufinder
2025-01-16 17:41:30,103 [WARN] DbFile:41 - Overriding database path with different value: C:\Users\zuhan\.stmcufinder\plugins\mcufinder/ => C:\Users\zuhan\.stmcufinder\plugins\mcufinder
2025-01-16 17:41:30,103 [INFO] CrossReferenceDbSqlite:203 - Set database path to: C:\Users\zuhan\.stmcufinder\plugins\mcufinder//mcu/cs/
2025-01-16 17:41:30,194 [INFO] MainPanel:264 - HeapMemory: 449839104
2025-01-16 17:41:30,286 [INFO] DbMcusXml:78 - Set database path to: C:\ST\STM32CubeIDE_1.13.2\STM32CubeIDE\plugins\com.st.stm32cube.common.mx_6.11.0.202403141607\\db\/mcu/
2025-01-16 17:41:30,286 [INFO] ApiDb:274 - Set plugin database path to: C:\ST\STM32CubeIDE_1.13.2\STM32CubeIDE\plugins\com.st.stm32cube.common.mx_6.11.0.202403141607\\db\/plugins/boardmanager/
2025-01-16 17:41:30,286 [INFO] ApiDb:261 - Set plugin images path to: C:\ST\STM32CubeIDE_1.13.2\STM32CubeIDE\plugins\com.st.stm32cube.common.mx_6.11.0.202403141607\\db\/plugins/mcufinder/images/
2025-01-16 17:41:30,286 [WARN] DbFile:41 - Overriding database path with different value: C:\Users\zuhan\.stmcufinder\plugins\mcufinder/ => C:\Users\zuhan\.stmcufinder\plugins\mcufinder
2025-01-16 17:41:30,287 [INFO] ApiDb:250 - Set database path to: C:\Users\zuhan\.stmcufinder\plugins\mcufinder//mcu/
2025-01-16 17:41:30,287 [WARN] DbFile:41 - Overriding database path with different value: C:\Users\zuhan\.stmcufinder\plugins\mcufinder/ => C:\Users\zuhan\.stmcufinder\plugins\mcufinder
2025-01-16 17:41:30,287 [INFO] DbMcusAds:125 - Set database path to: C:\Users\zuhan\.stmcufinder\plugins\mcufinder//mcu/
2025-01-16 17:41:30,287 [WARN] DbFile:41 - Overriding database path with different value: C:\Users\zuhan\.stmcufinder\plugins\mcufinder/ => C:\Users\zuhan\.stmcufinder\plugins\mcufinder
2025-01-16 17:41:30,287 [WARN] DbFile:41 - Overriding database path with different value: C:\Users\zuhan\.stmcufinder\plugins\mcufinder/ => C:\Users\zuhan\.stmcufinder\plugins\mcufinder
2025-01-16 17:41:30,287 [INFO] CrossReferenceDbSqlite:203 - Set database path to: C:\Users\zuhan\.stmcufinder\plugins\mcufinder//mcu/cs/
2025-01-16 17:41:30,306 [INFO] ApplicationProperties:184 - Using Application install path: C:\ST\STM32CubeIDE_1.13.2\STM32CubeIDE\plugins\com.st.stm32cube.common.mx_6.11.0.202403141607
2025-01-16 17:41:30,308 [INFO] PluginManage:196 - Search for loadable plugins [exclusion list=, ]
2025-01-16 17:41:30,309 [INFO] PluginManage:310 - Check plugin analytics
2025-01-16 17:41:30,490 [INFO] AnalyticsPlugin:253 - Accepted Software Licenses: STM32CubeMX.6.9.2,STM32CubeMX.6.11.0
2025-01-16 17:41:30,491 [INFO] AnalyticsPlugin:255 - Accepted CMSIS Pack Licenses: 
2025-01-16 17:41:30,491 [INFO] AnalyticsPlugin:257 - Accepted Firmware Licenses: FW.F4.1.27.0,FW.F4.1.28.0,FW.L4.1.18.0
2025-01-16 17:41:30,494 [INFO] PluginManage:359 - Loaded plugin analytics (category:tool,tabindex:-1)
2025-01-16 17:41:30,494 [INFO] PluginManage:310 - Check plugin cadmodel
2025-01-16 17:41:30,514 [INFO] CADModel:105 - Init CAD model plugin
2025-01-16 17:41:30,515 [INFO] PluginManage:359 - Loaded plugin cadmodel (category:power,tabindex:5)
2025-01-16 17:41:30,515 [INFO] PluginManage:310 - Check plugin clock
2025-01-16 17:41:30,542 [INFO] PluginManage:359 - Loaded plugin clock (category:base,tabindex:2)
2025-01-16 17:41:30,542 [INFO] PluginManage:310 - Check plugin ddr
2025-01-16 17:41:30,546 [INFO] PluginManage:359 - Loaded plugin ddr (category:tool,tabindex:6)
2025-01-16 17:41:30,546 [INFO] PluginManage:310 - Check plugin filemanager
2025-01-16 17:41:30,711 [INFO] PluginManage:359 - Loaded plugin filemanager (category:base,tabindex:10)
2025-01-16 17:41:30,711 [INFO] PluginManage:310 - Check plugin ipmanager
2025-01-16 17:41:30,720 [INFO] PluginManage:359 - Loaded plugin ipmanager (category:base,tabindex:5)
2025-01-16 17:41:30,720 [INFO] PluginManage:310 - Check plugin lpbam
2025-01-16 17:41:30,743 [INFO] PluginManage:359 - Loaded plugin lpbam (category:base,tabindex:0)
2025-01-16 17:41:30,743 [INFO] PluginManage:310 - Check plugin memorymap
2025-01-16 17:41:30,770 [INFO] PluginManage:359 - Loaded plugin memorymap (category:base,tabindex:4)
2025-01-16 17:41:30,770 [INFO] PluginManage:310 - Check plugin pinoutandconfiguration
2025-01-16 17:41:30,788 [INFO] PluginManage:359 - Loaded plugin pinoutandconfiguration (category:base,tabindex:1)
2025-01-16 17:41:30,788 [INFO] PluginManage:310 - Check plugin pinoutconfig
2025-01-16 17:41:30,889 [WARN] SupportedApi:132 - Cannot load RTOS API schema: s4s-elt-must-match.1: The content of 'definitions' must match (annotation?, (simpleType | complexType)?, (unique | key | keyref)*)). A problem was found starting at: attribute.
2025-01-16 17:41:31,025 [INFO] PluginManage:359 - Loaded plugin pinoutconfig (category:base,tabindex:0)
2025-01-16 17:41:31,025 [INFO] PluginManage:310 - Check plugin power
2025-01-16 17:41:31,049 [INFO] PluginManage:359 - Loaded plugin power (category:power,tabindex:4)
2025-01-16 17:41:31,050 [INFO] PluginManage:310 - Check plugin projectmanager
2025-01-16 17:41:31,070 [INFO] PluginManage:359 - Loaded plugin projectmanager (category:projectmanager,tabindex:3)
2025-01-16 17:41:31,070 [INFO] PluginManage:310 - Check plugin thirdparty
2025-01-16 17:41:31,407 [INFO] PluginManage:359 - Loaded plugin thirdparty (category:base,tabindex:-1)
2025-01-16 17:41:31,408 [INFO] PluginManage:310 - Check plugin tools
2025-01-16 17:41:31,407 [WARN] IntegrityCheckThread:84 - waiting for thirdparty lock release [integrity check]
2025-01-16 17:41:31,408 [INFO] IntegrityCheckThread:86 - entering critical section [integrity check]
2025-01-16 17:41:31,408 [INFO] ThirdPartyUpdaterWithRetryManager:70 - Updater plugin not ready yet. [1/15]
2025-01-16 17:41:31,447 [INFO] PluginManage:359 - Loaded plugin tools (category:base,tabindex:7)
2025-01-16 17:41:31,447 [INFO] PluginManage:310 - Check plugin tutovideos
2025-01-16 17:41:31,653 [INFO] PluginManage:359 - Loaded plugin tutovideos (category:base,tabindex:-1)
2025-01-16 17:41:31,653 [INFO] PluginManage:310 - Check plugin updater
2025-01-16 17:41:31,665 [INFO] PluginManage:359 - Loaded plugin updater (category:base,tabindex:12)
2025-01-16 17:41:31,665 [INFO] PluginManage:310 - Check plugin userauth
2025-01-16 17:41:31,671 [INFO] UserAuth:114 - Init User Auth plugin
2025-01-16 17:41:31,671 [INFO] PluginManage:359 - Loaded plugin userauth (category:base,tabindex:14)
2025-01-16 17:41:31,671 [INFO] PluginManage:283 - PluginManage : Loaded plugins [17]
2025-01-16 17:41:31,915 [INFO] PinOutPanel:1561 - setPackage(No Configuration,No Configuration)
2025-01-16 17:41:32,003 [INFO] CADModel:165 - CPN selected for project level
2025-01-16 17:41:32,003 [INFO] CADModel:114 - Register for checkConnection events
2025-01-16 17:41:32,033 [INFO] IPUIPlugin:80 - create IPUIPlugin
2025-01-16 17:41:32,034 [INFO] PluginManager:220 - loadIPPluginJar : add adc
2025-01-16 17:41:32,091 [INFO] IPUIPlugin:80 - create IPUIPlugin
2025-01-16 17:41:32,091 [INFO] PluginManager:220 - loadIPPluginJar : add aes
2025-01-16 17:41:32,143 [INFO] IPUIPlugin:80 - create IPUIPlugin
2025-01-16 17:41:32,143 [INFO] PluginManager:220 - loadIPPluginJar : add can
2025-01-16 17:41:32,173 [INFO] IPUIPlugin:80 - create IPUIPlugin
2025-01-16 17:41:32,173 [INFO] PluginManager:220 - loadIPPluginJar : add comp
2025-01-16 17:41:32,217 [INFO] IPUIPlugin:80 - create IPUIPlugin
2025-01-16 17:41:32,218 [INFO] PluginManager:220 - loadIPPluginJar : add cryp
2025-01-16 17:41:32,278 [INFO] IPUIPlugin:80 - create IPUIPlugin
2025-01-16 17:41:32,279 [INFO] PluginManager:220 - loadIPPluginJar : add dfsdm
2025-01-16 17:41:32,301 [INFO] IPUIPlugin:80 - create IPUIPlugin
2025-01-16 17:41:32,302 [INFO] PluginManager:220 - loadIPPluginJar : add dma
2025-01-16 17:41:32,355 [INFO] IPUIPlugin:80 - create IPUIPlugin
2025-01-16 17:41:32,355 [INFO] PluginManager:220 - loadIPPluginJar : add dma3
2025-01-16 17:41:32,410 [INFO] IPUIPlugin:80 - create IPUIPlugin
2025-01-16 17:41:32,410 [INFO] PluginManager:220 - loadIPPluginJar : add extmemmanager
2025-01-16 17:41:32,452 [INFO] IPUIPlugin:80 - create IPUIPlugin
2025-01-16 17:41:32,452 [INFO] PluginManager:220 - loadIPPluginJar : add fatfs
2025-01-16 17:41:32,537 [INFO] IPUIPlugin:80 - create IPUIPlugin
2025-01-16 17:41:32,537 [INFO] PluginManager:220 - loadIPPluginJar : add fmc
2025-01-16 17:41:32,555 [INFO] IPUIPlugin:80 - create IPUIPlugin
2025-01-16 17:41:32,556 [INFO] PluginManager:220 - loadIPPluginJar : add freertos
2025-01-16 17:41:32,582 [INFO] IPUIPlugin:80 - create IPUIPlugin
2025-01-16 17:41:32,582 [INFO] PluginManager:220 - loadIPPluginJar : add genericplugin
2025-01-16 17:41:32,751 [INFO] IPUIPlugin:80 - create IPUIPlugin
2025-01-16 17:41:32,751 [INFO] PluginManager:220 - loadIPPluginJar : add gfxmmu
2025-01-16 17:41:32,923 [INFO] IPUIPlugin:80 - create IPUIPlugin
2025-01-16 17:41:32,923 [INFO] PluginManager:220 - loadIPPluginJar : add gic
2025-01-16 17:41:32,944 [INFO] IPUIPlugin:80 - create IPUIPlugin
2025-01-16 17:41:32,944 [INFO] PluginManager:220 - loadIPPluginJar : add gpio
2025-01-16 17:41:33,074 [INFO] IPUIPlugin:80 - create IPUIPlugin
2025-01-16 17:41:33,074 [INFO] PluginManager:220 - loadIPPluginJar : add gtzc
2025-01-16 17:41:33,125 [INFO] IPUIPlugin:80 - create IPUIPlugin
2025-01-16 17:41:33,125 [INFO] PluginManager:220 - loadIPPluginJar : add hash
2025-01-16 17:41:33,230 [INFO] IPUIPlugin:80 - create IPUIPlugin
2025-01-16 17:41:33,230 [INFO] PluginManager:220 - loadIPPluginJar : add i2c
2025-01-16 17:41:33,279 [INFO] IPUIPlugin:80 - create IPUIPlugin
2025-01-16 17:41:33,280 [INFO] PluginManager:220 - loadIPPluginJar : add i2s
2025-01-16 17:41:33,360 [INFO] IPUIPlugin:80 - create IPUIPlugin
2025-01-16 17:41:33,360 [INFO] PluginManager:220 - loadIPPluginJar : add i3c
2025-01-16 17:41:33,521 [INFO] IPUIPlugin:80 - create IPUIPlugin
2025-01-16 17:41:33,521 [INFO] PluginManager:220 - loadIPPluginJar : add ipddr
2025-01-16 17:41:33,636 [INFO] IPUIPlugin:80 - create IPUIPlugin
2025-01-16 17:41:33,636 [INFO] PluginManager:220 - loadIPPluginJar : add linkedlist
2025-01-16 17:41:33,672 [INFO] IPUIPlugin:80 - create IPUIPlugin
2025-01-16 17:41:33,672 [INFO] PluginManager:220 - loadIPPluginJar : add lorawan
2025-01-16 17:41:33,716 [INFO] IPUIPlugin:80 - create IPUIPlugin
2025-01-16 17:41:33,717 [INFO] PluginManager:220 - loadIPPluginJar : add ltdc
2025-01-16 17:41:33,734 [INFO] IPUIPlugin:80 - create IPUIPlugin
2025-01-16 17:41:33,734 [INFO] PluginManager:220 - loadIPPluginJar : add mdma
2025-01-16 17:41:33,749 [INFO] IPUIPlugin:80 - create IPUIPlugin
2025-01-16 17:41:33,749 [INFO] PluginManager:220 - loadIPPluginJar : add nvic
2025-01-16 17:41:33,793 [INFO] IPUIPlugin:80 - create IPUIPlugin
2025-01-16 17:41:33,793 [INFO] PluginManager:220 - loadIPPluginJar : add opamp
2025-01-16 17:41:33,890 [INFO] IPUIPlugin:80 - create IPUIPlugin
2025-01-16 17:41:33,890 [INFO] PluginManager:220 - loadIPPluginJar : add openamp
2025-01-16 17:41:33,957 [INFO] IPUIPlugin:80 - create IPUIPlugin
2025-01-16 17:41:33,957 [INFO] PluginManager:220 - loadIPPluginJar : add pdm2pcm
2025-01-16 17:41:33,974 [INFO] IPUIPlugin:80 - create IPUIPlugin
2025-01-16 17:41:33,977 [INFO] PluginManager:220 - loadIPPluginJar : add plateformsettings
2025-01-16 17:41:34,003 [INFO] IPUIPlugin:80 - create IPUIPlugin
2025-01-16 17:41:34,004 [INFO] PluginManager:220 - loadIPPluginJar : add quadspi
2025-01-16 17:41:34,019 [INFO] IPUIPlugin:80 - create IPUIPlugin
2025-01-16 17:41:34,019 [INFO] PluginManager:220 - loadIPPluginJar : add resmgrutility
2025-01-16 17:41:34,086 [INFO] IPUIPlugin:80 - create IPUIPlugin
2025-01-16 17:41:34,086 [INFO] PluginManager:220 - loadIPPluginJar : add sai
2025-01-16 17:41:34,143 [INFO] IPUIPlugin:80 - create IPUIPlugin
2025-01-16 17:41:34,143 [INFO] PluginManager:220 - loadIPPluginJar : add spi
2025-01-16 17:41:34,251 [INFO] IPUIPlugin:80 - create IPUIPlugin
2025-01-16 17:41:34,251 [INFO] PluginManager:220 - loadIPPluginJar : add stm32_wpan
2025-01-16 17:41:34,297 [INFO] IPUIPlugin:80 - create IPUIPlugin
2025-01-16 17:41:34,297 [INFO] PluginManager:220 - loadIPPluginJar : add tim
2025-01-16 17:41:34,403 [INFO] IPUIPlugin:80 - create IPUIPlugin
2025-01-16 17:41:34,403 [INFO] PluginManager:220 - loadIPPluginJar : add touchsensing
2025-01-16 17:41:34,409 [INFO] ThirdPartyUpdaterWithRetryManager:70 - Updater plugin not ready yet. [2/15]
2025-01-16 17:41:34,452 [INFO] IPUIPlugin:80 - create IPUIPlugin
2025-01-16 17:41:34,452 [INFO] PluginManager:220 - loadIPPluginJar : add tracer_emb
2025-01-16 17:41:34,482 [INFO] IPUIPlugin:80 - create IPUIPlugin
2025-01-16 17:41:34,482 [INFO] PluginManager:220 - loadIPPluginJar : add ts
2025-01-16 17:41:34,511 [INFO] IPUIPlugin:80 - create IPUIPlugin
2025-01-16 17:41:34,512 [INFO] PluginManager:220 - loadIPPluginJar : add tsc
2025-01-16 17:41:34,538 [INFO] IPUIPlugin:80 - create IPUIPlugin
2025-01-16 17:41:34,539 [INFO] PluginManager:220 - loadIPPluginJar : add ucpd
2025-01-16 17:41:34,604 [INFO] IPUIPlugin:80 - create IPUIPlugin
2025-01-16 17:41:34,604 [INFO] PluginManager:220 - loadIPPluginJar : add usart
2025-01-16 17:41:34,675 [INFO] IPUIPlugin:80 - create IPUIPlugin
2025-01-16 17:41:34,675 [INFO] PluginManager:220 - loadIPPluginJar : add usbx
2025-01-16 17:41:34,806 [INFO] CADModel:165 - CPN selected for project level
2025-01-16 17:41:34,807 [INFO] CADModel:114 - Register for checkConnection events
2025-01-16 17:41:34,807 [FATAL] Updater:308 - Updater called before beeing initialized
2025-01-16 17:41:34,807 [ERROR] CADModel:125 - Updater not yet initialized, retry later 
2025-01-16 17:41:34,947 [INFO] CADModel:165 - CPN selected for project level
2025-01-16 17:41:34,947 [INFO] CADModel:114 - Register for checkConnection events
2025-01-16 17:41:34,947 [FATAL] Updater:308 - Updater called before beeing initialized
2025-01-16 17:41:34,947 [ERROR] CADModel:125 - Updater not yet initialized, retry later 
2025-01-16 17:41:34,950 [FATAL] Updater:308 - Updater called before beeing initialized
2025-01-16 17:41:35,060 [FATAL] Updater:308 - Updater called before beeing initialized
2025-01-16 17:41:35,075 [INFO] DbMcusAds:53 - JSON generation date=Tue Dec 17 11:01:15 EST 2024 (1734451275222)
2025-01-16 17:41:35,075 [FATAL] Updater:308 - Updater called before beeing initialized
2025-01-16 17:41:35,163 [WARN] DetailPanel:346 - Failed to get advertising image, set to default
2025-01-16 17:41:35,247 [FATAL] Updater:308 - Updater called before beeing initialized
2025-01-16 17:41:35,249 [FATAL] Updater:308 - Updater called before beeing initialized
2025-01-16 17:41:35,249 [FATAL] Updater:308 - Updater called before beeing initialized
2025-01-16 17:41:35,249 [WARN] DetailPanel:346 - Failed to get advertising image, set to default
2025-01-16 17:41:35,250 [FATAL] Updater:308 - Updater called before beeing initialized
2025-01-16 17:41:35,314 [ERROR] Updater:1120 - MainUpdater not yet initialized. External WinMGr cannot be set.
2025-01-16 17:41:35,326 [INFO] Updater:1056 - Updater Version found : 6.11.0
2025-01-16 17:41:35,348 [INFO] ApplicationProperties:184 - Using Application install path: C:\ST\STM32CubeIDE_1.13.2\STM32CubeIDE\plugins\com.st.stm32cube.common.mx_6.11.0.202403141607
2025-01-16 17:41:35,783 [INFO] MainUpdater:2873 - connection check result : 10
2025-01-16 17:41:35,784 [INFO] MainUpdater:290 - Updater Check For Update Now.
2025-01-16 17:41:35,784 [INFO] MicroXplorer:498 - Change Database Version : DB.6.0.110
2025-01-16 17:41:35,798 [INFO] McuFinderGlobals:63 - Set McuFinder mode to 2 (CubeIDE integrated)
2025-01-16 17:41:35,812 [INFO] UserAuth:415 - Internet connection configuration mode: 1
2025-01-16 17:41:35,840 [INFO] JxBrowserEngine:152 - Initiate JxBrowser Engine with user profile folder
2025-01-16 17:41:36,037 [INFO] CheckServerUpdateThread:120 - End of CheckServer Thread
2025-01-16 17:41:37,731 [WARN] PackLoader:240 - Cannot read IP mode file for STMicroelectronics.FP-SNS-MOTENVWB1.1.4.0
2025-01-16 17:41:37,752 [WARN] PackLoader:240 - Cannot read IP mode file for STMicroelectronics.FP-ATR-ASTRA1.2.0.1
2025-01-16 17:41:37,768 [WARN] PackLoader:240 - Cannot read IP mode file for STMicroelectronics.X-CUBE-SMBUS.2.1.0
2025-01-16 17:41:37,788 [WARN] PackLoader:240 - Cannot read IP mode file for STMicroelectronics.X-CUBE-WB05N.1.1.0
2025-01-16 17:41:37,806 [WARN] PackLoader:240 - Cannot read IP mode file for STMicroelectronics.X-CUBE-TOUCHGFX.4.23.2
2025-01-16 17:41:37,843 [WARN] PackLoader:240 - Cannot read IP mode file for STMicroelectronics.X-CUBE-AZRTOS-F7.1.1.0
2025-01-16 17:41:37,866 [WARN] PackLoader:240 - Cannot read IP mode file for STMicroelectronics.FP-SNS-MOTENV1.4.3.2
2025-01-16 17:41:37,940 [WARN] PackLoader:240 - Cannot read IP mode file for STMicroelectronics.X-CUBE-MEMS1.11.0.0
2025-01-16 17:41:38,098 [WARN] PackLoader:240 - Cannot read IP mode file for STMicroelectronics.FP-SNS-FLIGHT1.5.0.2
2025-01-16 17:41:38,119 [WARN] PackLoader:240 - Cannot read IP mode file for STMicroelectronics.X-CUBE-DISPLAY.3.0.0
2025-01-16 17:41:38,143 [WARN] PackLoader:240 - Cannot read IP mode file for STMicroelectronics.X-CUBE-BLE1.7.0.0
2025-01-16 17:41:38,166 [WARN] PackLoader:240 - Cannot read IP mode file for STMicroelectronics.X-CUBE-NFC10.1.0.0
2025-01-16 17:41:38,190 [WARN] PackLoader:240 - Cannot read IP mode file for STMicroelectronics.X-CUBE-BLEMGR.4.0.0
2025-01-16 17:41:38,212 [WARN] PackLoader:240 - Cannot read IP mode file for emotas.I-CUBE-CANOPEN.1.3.0
2025-01-16 17:41:38,230 [WARN] PackLoader:240 - Cannot read IP mode file for STMicroelectronics.X-CUBE-TOUCHGFX.4.22.1
2025-01-16 17:41:38,246 [WARN] PackLoader:240 - Cannot read IP mode file for STMicroelectronics.X-CUBE-BLEMGR.3.1.0
2025-01-16 17:41:38,317 [WARN] PackLoader:240 - Cannot read IP mode file for STMicroelectronics.X-CUBE-MEMS1.11.1.0
2025-01-16 17:41:38,436 [INFO] LogOutputStream:77 - [STDOUT_REDIRECT] 1 : Invalid condition id : UX_CORESTACK_Condition cause : null
2025-01-16 17:41:38,437 [INFO] LogOutputStream:77 - [STDOUT_REDIRECT] 1 : Invalid condition id : UX_CORESTACK_Condition cause : null
2025-01-16 17:41:38,438 [INFO] LogOutputStream:77 - [STDOUT_REDIRECT] 1 : Invalid condition id : UX_CORESTACK_Condition cause : null
2025-01-16 17:41:38,440 [INFO] LogOutputStream:77 - [STDOUT_REDIRECT] 1 : Invalid condition id : UX_CORESTACK_Condition cause : null
2025-01-16 17:41:38,441 [INFO] LogOutputStream:77 - [STDOUT_REDIRECT] 1 : Invalid condition id : UX_CORESTACK_Condition cause : null
2025-01-16 17:41:38,444 [WARN] PackLoader:240 - Cannot read IP mode file for STMicroelectronics.X-CUBE-AZRTOS-WL.2.0.0
2025-01-16 17:41:38,465 [WARN] PackLoader:240 - Cannot read IP mode file for STMicroelectronics.FP-SNS-MOTENV1.5.0.0
2025-01-16 17:41:38,484 [WARN] PackLoader:240 - Cannot read IP mode file for wolfSSL.I-CUBE-wolfMQTT.1.19.0
2025-01-16 17:41:38,506 [WARN] PackLoader:240 - Cannot read IP mode file for WES.I-CUBE-Cesium.1.3.0
2025-01-16 17:41:38,524 [WARN] PackLoader:240 - Cannot read IP mode file for STMicroelectronics.X-CUBE-BLE2.3.3.0
2025-01-16 17:41:38,541 [WARN] PackLoader:240 - Cannot read IP mode file for STMicroelectronics.X-CUBE-NFC9.1.0.0
2025-01-16 17:41:38,559 [WARN] PackLoader:240 - Cannot read IP mode file for STMicroelectronics.X-CUBE-TCPP.4.1.0
2025-01-16 17:41:38,579 [WARN] PackLoader:240 - Cannot read IP mode file for STMicroelectronics.X-CUBE-ALGOBUILD.1.3.0
2025-01-16 17:41:38,610 [WARN] PackLoader:240 - Cannot read IP mode file for STMicroelectronics.X-CUBE-AZRTOS-G0.1.1.0
2025-01-16 17:41:38,631 [WARN] PackLoader:240 - Cannot read IP mode file for STMicroelectronics.X-CUBE-SAFEA1.1.2.2
2025-01-16 17:41:38,651 [WARN] PackLoader:240 - Cannot read IP mode file for STMicroelectronics.X-CUBE-NFC4.3.0.0
2025-01-16 17:41:38,674 [WARN] PackLoader:240 - Cannot read IP mode file for EmbeddedOffice.I-CUBE-FS-RTOS.1.0.1
2025-01-16 17:41:38,674 [ERROR] ConditionMgr:805 - Attr not supported : Dmpu
2025-01-16 17:41:38,674 [ERROR] ConditionMgr:805 - Attr not supported : Dmpu
2025-01-16 17:41:38,674 [ERROR] ConditionMgr:805 - Attr not supported : Dmpu
2025-01-16 17:41:38,675 [ERROR] ConditionMgr:805 - Attr not supported : Dmpu
2025-01-16 17:41:38,675 [ERROR] ConditionMgr:805 - Attr not supported : Dmpu
2025-01-16 17:41:38,675 [ERROR] ConditionMgr:805 - Attr not supported : Dmpu
2025-01-16 17:41:38,675 [ERROR] ConditionMgr:805 - Attr not supported : Dmpu
2025-01-16 17:41:38,675 [ERROR] ConditionMgr:805 - Attr not supported : Dmpu
2025-01-16 17:41:38,675 [ERROR] ConditionMgr:805 - Attr not supported : Dmpu
2025-01-16 17:41:38,675 [ERROR] ConditionMgr:805 - Attr not supported : Dmpu
2025-01-16 17:41:38,675 [ERROR] ConditionMgr:805 - Attr not supported : Dmpu
2025-01-16 17:41:38,675 [ERROR] ConditionMgr:805 - Attr not supported : Dmpu
2025-01-16 17:41:38,675 [ERROR] ConditionMgr:805 - Attr not supported : Dmpu
2025-01-16 17:41:38,675 [ERROR] ConditionMgr:805 - Attr not supported : Dmpu
2025-01-16 17:41:38,675 [ERROR] ConditionMgr:805 - Attr not supported : Dmpu
2025-01-16 17:41:38,675 [ERROR] ConditionMgr:805 - Attr not supported : Dmpu
2025-01-16 17:41:38,675 [ERROR] ConditionMgr:805 - Attr not supported : Dmpu
2025-01-16 17:41:38,675 [ERROR] ConditionMgr:805 - Attr not supported : Dmpu
2025-01-16 17:41:38,675 [ERROR] ConditionMgr:805 - Attr not supported : Dmpu
2025-01-16 17:41:38,675 [ERROR] ConditionMgr:805 - Attr not supported : Dmpu
2025-01-16 17:41:38,675 [ERROR] ConditionMgr:805 - Attr not supported : Dmpu
2025-01-16 17:41:38,675 [ERROR] ConditionMgr:805 - Attr not supported : Dmpu
2025-01-16 17:41:38,676 [ERROR] ConditionMgr:805 - Attr not supported : Dmpu
2025-01-16 17:41:38,676 [ERROR] ConditionMgr:805 - Attr not supported : Dmpu
2025-01-16 17:41:38,676 [ERROR] ConditionMgr:805 - Attr not supported : Dmpu
2025-01-16 17:41:38,676 [ERROR] ConditionMgr:805 - Attr not supported : Dmpu
2025-01-16 17:41:38,676 [ERROR] ConditionMgr:805 - Attr not supported : Dmpu
2025-01-16 17:41:38,676 [ERROR] ConditionMgr:805 - Attr not supported : Dmpu
2025-01-16 17:41:38,676 [ERROR] ConditionMgr:805 - Attr not supported : Dmpu
2025-01-16 17:41:38,676 [ERROR] ConditionMgr:805 - Attr not supported : Dmpu
2025-01-16 17:41:38,676 [ERROR] ConditionMgr:805 - Attr not supported : Dmpu
2025-01-16 17:41:38,676 [ERROR] ConditionMgr:805 - Attr not supported : Dmpu
2025-01-16 17:41:38,676 [ERROR] ConditionMgr:805 - Attr not supported : Dmpu
2025-01-16 17:41:38,676 [ERROR] ConditionMgr:805 - Attr not supported : Dmpu
2025-01-16 17:41:38,676 [ERROR] ConditionMgr:805 - Attr not supported : Dmpu
2025-01-16 17:41:38,676 [ERROR] ConditionMgr:805 - Attr not supported : Dmpu
2025-01-16 17:41:38,676 [ERROR] ConditionMgr:805 - Attr not supported : Dmpu
2025-01-16 17:41:38,677 [ERROR] ConditionMgr:805 - Attr not supported : Dmpu
2025-01-16 17:41:38,677 [ERROR] ConditionMgr:805 - Attr not supported : Dmpu
2025-01-16 17:41:38,677 [ERROR] ConditionMgr:805 - Attr not supported : Dmpu
2025-01-16 17:41:38,677 [ERROR] ConditionMgr:805 - Attr not supported : Dmpu
2025-01-16 17:41:38,677 [ERROR] ConditionMgr:805 - Attr not supported : Dmpu
2025-01-16 17:41:38,677 [ERROR] ConditionMgr:805 - Attr not supported : Dmpu
2025-01-16 17:41:38,677 [ERROR] ConditionMgr:805 - Attr not supported : Dmpu
2025-01-16 17:41:38,677 [ERROR] ConditionMgr:805 - Attr not supported : Dmpu
2025-01-16 17:41:38,677 [ERROR] ConditionMgr:805 - Attr not supported : Dmpu
2025-01-16 17:41:38,677 [ERROR] ConditionMgr:805 - Attr not supported : Dmpu
2025-01-16 17:41:38,677 [ERROR] ConditionMgr:805 - Attr not supported : Dmpu
2025-01-16 17:41:38,677 [ERROR] ConditionMgr:805 - Attr not supported : Dmpu
2025-01-16 17:41:38,677 [ERROR] ConditionMgr:805 - Attr not supported : Dmpu
2025-01-16 17:41:38,677 [ERROR] ConditionMgr:805 - Attr not supported : Dmpu
2025-01-16 17:41:38,677 [ERROR] ConditionMgr:805 - Attr not supported : Dmpu
2025-01-16 17:41:38,677 [ERROR] ConditionMgr:805 - Attr not supported : Dmpu
2025-01-16 17:41:38,677 [ERROR] ConditionMgr:805 - Attr not supported : Dmpu
2025-01-16 17:41:38,677 [ERROR] ConditionMgr:805 - Attr not supported : Dmpu
2025-01-16 17:41:38,677 [ERROR] ConditionMgr:805 - Attr not supported : Dmpu
2025-01-16 17:41:38,677 [ERROR] ConditionMgr:805 - Attr not supported : Dmpu
2025-01-16 17:41:38,677 [ERROR] ConditionMgr:805 - Attr not supported : Dmpu
2025-01-16 17:41:38,677 [ERROR] ConditionMgr:805 - Attr not supported : Dmpu
2025-01-16 17:41:38,677 [ERROR] ConditionMgr:805 - Attr not supported : Dmpu
2025-01-16 17:41:38,678 [ERROR] ConditionMgr:805 - Attr not supported : Dmpu
2025-01-16 17:41:38,678 [ERROR] ConditionMgr:805 - Attr not supported : Dmpu
2025-01-16 17:41:38,678 [ERROR] ConditionMgr:805 - Attr not supported : Dmpu
2025-01-16 17:41:38,678 [ERROR] ConditionMgr:805 - Attr not supported : Dmpu
2025-01-16 17:41:38,696 [WARN] PackLoader:240 - Cannot read IP mode file for STMicroelectronics.X-CUBE-BLEMGR.3.0.0
2025-01-16 17:41:38,716 [ERROR] Engine:466 - C:\Users\zuhan\.stm32cubemx\thirdparties\pdsc\STMicroelectronics.X-CUBE-TCPP.4.2.0.pdsc: PDSC version is not supported
2025-01-16 17:41:38,738 [WARN] PackLoader:240 - Cannot read IP mode file for RealThread.X-CUBE-RT-Thread_Nano.4.1.1
2025-01-16 17:41:38,755 [WARN] PackLoader:240 - Cannot read IP mode file for STMicroelectronics.FP-ATR-SIGFOX1.3.2.0
2025-01-16 17:41:38,775 [WARN] ConditionMgr:438 - getConditionDescription Invalid condition id : Cortex-A Device cause : null
2025-01-16 17:41:38,804 [WARN] ConditionMgr:1039 - genDependencies : Invalid condition id : Cortex-A Device cause : null
2025-01-16 17:41:38,804 [WARN] ConditionMgr:1039 - genDependencies : Invalid condition id : Cortex-A Device cause : null
2025-01-16 17:41:38,804 [WARN] ConditionMgr:1039 - genDependencies : Invalid condition id : Cortex-A Device cause : null
2025-01-16 17:41:38,825 [WARN] PackLoader:240 - Cannot read IP mode file for STMicroelectronics.X-CUBE-EEPRMA1.5.1.0
2025-01-16 17:41:38,866 [WARN] PackLoader:240 - Cannot read IP mode file for SEGGER.I-CUBE-embOS.1.3.1
2025-01-16 17:41:38,911 [WARN] PackLoader:240 - Cannot read IP mode file for STMicroelectronics.X-CUBE-ALGOBUILD.1.4.0
2025-01-16 17:41:38,931 [WARN] PackLoader:240 - Cannot read IP mode file for STMicroelectronics.X-CUBE-AI.9.1.0
2025-01-16 17:41:38,955 [WARN] PackLoader:240 - Cannot read IP mode file for STMicroelectronics.X-CUBE-GNSS1.6.0.0
2025-01-16 17:41:38,984 [WARN] PackLoader:240 - Cannot read IP mode file for STMicroelectronics.X-CUBE-AZRTOS-F4.1.1.0
2025-01-16 17:41:39,005 [WARN] PackLoader:240 - Cannot read IP mode file for wolfSSL.I-CUBE-wolfSSL.5.6.3
2025-01-16 17:41:39,021 [WARN] PackLoader:240 - Cannot read IP mode file for STMicroelectronics.X-CUBE-ISPU.2.1.0
2025-01-16 17:41:39,038 [WARN] PackLoader:240 - Cannot read IP mode file for STMicroelectronics.X-CUBE-FREERTOS.1.2.0
2025-01-16 17:41:39,071 [WARN] PackLoader:240 - Cannot read IP mode file for STMicroelectronics.X-CUBE-AZRTOS-L5.2.0.0
2025-01-16 17:41:39,136 [WARN] PackLoader:240 - Cannot read IP mode file for STMicroelectronics.X-CUBE-MEMS1.9.6.0
2025-01-16 17:41:39,253 [WARN] PackLoader:240 - Cannot read IP mode file for STMicroelectronics.X-CUBE-EEPRMA1.4.2.0
2025-01-16 17:41:39,273 [WARN] PackLoader:240 - Cannot read IP mode file for STMicroelectronics.X-CUBE-NFC6.3.1.0
2025-01-16 17:41:39,289 [WARN] PackLoader:240 - Cannot read IP mode file for ITTIA_DB.I-CUBE-ITTIADB.8.8.0
2025-01-16 17:41:39,307 [WARN] PackLoader:240 - Cannot read IP mode file for STMicroelectronics.X-CUBE-BLEMGR.2.0.0
2025-01-16 17:41:39,322 [WARN] PackLoader:240 - Cannot read IP mode file for STMicroelectronics.X-CUBE-DPower.1.2.0
2025-01-16 17:41:39,339 [WARN] PackLoader:240 - Cannot read IP mode file for STMicroelectronics.X-CUBE-AI.9.0.0
2025-01-16 17:41:39,370 [WARN] ConditionMgr:438 - getConditionDescription Invalid condition id : UX DEVICE CLASS RTOS Condition cause : null
2025-01-16 17:41:39,370 [WARN] ConditionMgr:438 - getConditionDescription Invalid condition id : UX DEVICE CLASS RTOS Condition cause : null
2025-01-16 17:41:39,372 [WARN] PackLoader:240 - Cannot read IP mode file for STMicroelectronics.X-CUBE-AZRTOS-H7.3.1.0
2025-01-16 17:41:39,373 [WARN] ConditionMgr:1039 - genDependencies : Invalid condition id : UX DEVICE CLASS RTOS Condition cause : null
2025-01-16 17:41:39,373 [WARN] ConditionMgr:1039 - genDependencies : Invalid condition id : UX DEVICE CLASS RTOS Condition cause : null
2025-01-16 17:41:39,374 [WARN] ConditionMgr:1039 - genDependencies : Invalid condition id : UX DEVICE CLASS RTOS Condition cause : null
2025-01-16 17:41:39,375 [WARN] ConditionMgr:1039 - genDependencies : Invalid condition id : UX DEVICE CLASS RTOS Condition cause : null
2025-01-16 17:41:39,375 [WARN] ConditionMgr:1039 - genDependencies : Invalid condition id : UX DEVICE CLASS RTOS Condition cause : null
2025-01-16 17:41:39,392 [WARN] PackLoader:240 - Cannot read IP mode file for STMicroelectronics.X-CUBE-FREERTOS.1.3.0
2025-01-16 17:41:39,408 [WARN] PackLoader:240 - Cannot read IP mode file for STMicroelectronics.X-CUBE-NFC7.1.0.1
2025-01-16 17:41:39,425 [WARN] PackLoader:240 - Cannot read IP mode file for STMicroelectronics.X-CUBE-NFC6.3.0.0
2025-01-16 17:41:39,442 [WARN] PackLoader:240 - Cannot read IP mode file for STMicroelectronics.X-CUBE-EEPRMA1.4.1.0
2025-01-16 17:41:39,459 [WARN] PackLoader:240 - Cannot read IP mode file for STMicroelectronics.X-CUBE-AI.8.1.0
2025-01-16 17:41:39,491 [WARN] ConditionMgr:438 - getConditionDescription Invalid condition id : LAN8742 Phy interface Condition cause : null
2025-01-16 17:41:39,492 [WARN] PackLoader:240 - Cannot read IP mode file for STMicroelectronics.X-CUBE-AZRTOS-L4.2.0.0
2025-01-16 17:41:39,493 [WARN] ConditionMgr:1039 - genDependencies : Invalid condition id : LAN8742 Phy interface Condition cause : null
2025-01-16 17:41:39,493 [WARN] ConditionMgr:1039 - genDependencies : Invalid condition id : LAN8742 Phy interface Condition cause : null
2025-01-16 17:41:39,493 [WARN] ConditionMgr:1039 - genDependencies : Invalid condition id : LAN8742 Phy interface Condition cause : null
2025-01-16 17:41:39,512 [WARN] PackLoader:240 - Cannot read IP mode file for STMicroelectronics.X-CUBE-SFXS2LP1.4.0.0
2025-01-16 17:41:39,527 [WARN] PackLoader:240 - Cannot read IP mode file for STMicroelectronics.X-CUBE-ISPU.1.1.0
2025-01-16 17:41:39,557 [WARN] PackLoader:240 - Cannot read IP mode file for STMicroelectronics.X-CUBE-AZRTOS-H7.3.3.0
2025-01-16 17:41:39,578 [WARN] PackLoader:240 - Cannot read IP mode file for STMicroelectronics.X-CUBE-IPS.3.0.0
2025-01-16 17:41:39,603 [WARN] ConditionMgr:438 - getConditionDescription Invalid condition id : UX DEVICE CLASS RTOS Condition cause : null
2025-01-16 17:41:39,603 [WARN] ConditionMgr:438 - getConditionDescription Invalid condition id : UX DEVICE CLASS RTOS Condition cause : null
2025-01-16 17:41:39,605 [WARN] PackLoader:240 - Cannot read IP mode file for STMicroelectronics.X-CUBE-AZRTOS-WB.2.0.0
2025-01-16 17:41:39,605 [WARN] ConditionMgr:1039 - genDependencies : Invalid condition id : UX DEVICE CLASS RTOS Condition cause : null
2025-01-16 17:41:39,605 [WARN] ConditionMgr:1039 - genDependencies : Invalid condition id : UX DEVICE CLASS RTOS Condition cause : null
2025-01-16 17:41:39,605 [WARN] ConditionMgr:1039 - genDependencies : Invalid condition id : UX DEVICE CLASS RTOS Condition cause : null
2025-01-16 17:41:39,606 [WARN] ConditionMgr:1039 - genDependencies : Invalid condition id : UX DEVICE CLASS RTOS Condition cause : null
2025-01-16 17:41:39,606 [WARN] ConditionMgr:1039 - genDependencies : Invalid condition id : UX DEVICE CLASS RTOS Condition cause : null
2025-01-16 17:41:39,622 [WARN] PackLoader:240 - Cannot read IP mode file for STMicroelectronics.X-CUBE-GNSS1.7.0.0
2025-01-16 17:41:39,636 [WARN] PackLoader:240 - Cannot read IP mode file for STMicroelectronics.X-CUBE-GNSS1.7.0.1
2025-01-16 17:41:39,653 [WARN] PackLoader:240 - Cannot read IP mode file for STMicroelectronics.FP-SNS-STBOX1.2.0.0
2025-01-16 17:41:39,670 [WARN] PackLoader:240 - Cannot read IP mode file for STMicroelectronics.X-CUBE-SUBG2.5.0.0
2025-01-16 17:41:39,686 [WARN] PackLoader:240 - Cannot read IP mode file for Cesanta.I-CUBE-Mongoose.7.13.0
2025-01-16 17:41:39,704 [WARN] PackLoader:240 - Cannot read IP mode file for STMicroelectronics.X-CUBE-TOF1.3.3.1
2025-01-16 17:41:39,733 [WARN] PackLoader:240 - Cannot read IP mode file for STMicroelectronics.X-CUBE-AZRTOS-G4.2.0.0
2025-01-16 17:41:39,766 [WARN] PackLoader:240 - Cannot read IP mode file for Infineon.AIROC-Wi-Fi-Bluetooth-STM32.1.5.1
2025-01-16 17:41:39,783 [WARN] PackLoader:240 - Cannot read IP mode file for STMicroelectronics.FP-SNS-MOTENVWB1.1.3.0
2025-01-16 17:41:39,799 [WARN] PackLoader:240 - Cannot read IP mode file for STMicroelectronics.FP-SNS-MOTENVWB1.1.3.1
2025-01-16 17:41:39,817 [WARN] PackLoader:240 - Cannot read IP mode file for STMicroelectronics.X-CUBE-ISPU.2.0.0
2025-01-16 17:41:39,835 [ERROR] Engine:466 - C:\Users\zuhan\.stm32cubemx\thirdparties\pdsc\STMicroelectronics.X-CUBE-IPS.3.1.0.pdsc: PDSC version is not supported
2025-01-16 17:41:39,847 [WARN] PackLoader:240 - Cannot read IP mode file for STMicroelectronics.X-CUBE-ALS.1.0.2
2025-01-16 17:41:39,905 [WARN] PackLoader:240 - Cannot read IP mode file for STMicroelectronics.X-CUBE-MEMS1.10.0.0
2025-01-16 17:41:39,989 [WARN] PackLoader:240 - Cannot read IP mode file for STMicroelectronics.X-CUBE-FREERTOS.1.1.0
2025-01-16 17:41:40,003 [WARN] PackLoader:240 - Cannot read IP mode file for STMicroelectronics.X-CUBE-TOUCHGFX.4.24.0
2025-01-16 17:41:40,023 [WARN] PackLoader:240 - Cannot read IP mode file for STMicroelectronics.X-CUBE-TOUCHGFX.4.24.2
2025-01-16 17:41:40,040 [WARN] PackLoader:240 - Cannot read IP mode file for STMicroelectronics.X-CUBE-TOUCHGFX.4.24.1
2025-01-16 17:41:40,058 [WARN] PackLoader:240 - Cannot read IP mode file for wolfSSL.I-CUBE-wolfTPM.3.4.0
2025-01-16 17:41:40,078 [WARN] PackLoader:240 - Cannot read IP mode file for portGmbH.I-Cube-SoM-uGOAL.1.1.0
2025-01-16 17:41:40,098 [WARN] PackLoader:240 - Cannot read IP mode file for STMicroelectronics.X-CUBE-ALS.1.0.1
2025-01-16 17:41:40,129 [WARN] PackLoader:240 - Cannot read IP mode file for STMicroelectronics.X-CUBE-AZRTOS-H7RS.1.0.0
2025-01-16 17:41:40,145 [WARN] PackLoader:240 - Cannot read IP mode file for STMicroelectronics.FP-ATR-ASTRA1.2.0.0
2025-01-16 17:41:40,165 [WARN] PackLoader:240 - Cannot read IP mode file for STMicroelectronics.X-CUBE-TOF1.3.4.2
2025-01-16 17:41:40,192 [WARN] PackLoader:240 - Cannot read IP mode file for STMicroelectronics.X-CUBE-TOF1.3.4.0
2025-01-16 17:41:40,220 [WARN] PackLoader:240 - Cannot read IP mode file for STMicroelectronics.X-CUBE-TOF1.3.4.1
2025-01-16 17:41:40,251 [WARN] PackLoader:240 - Cannot read IP mode file for STMicroelectronics.X-CUBE-AZRTOS-H7.3.2.0
2025-01-16 17:41:40,266 [WARN] PackLoader:240 - Cannot read IP mode file for wolfSSL.I-CUBE-wolfSSH.1.4.17
2025-01-16 17:41:40,267 [INFO] ThirdParty:978 - Integrity check success = true
2025-01-16 17:41:40,267 [INFO] IntegrityCheckThread:100 - exiting critical section [integrity check]
2025-01-16 17:41:40,267 [INFO] IntegrityCheckThread:103 - End integrity checks thread
2025-01-16 17:41:44,890 [INFO] WebApp:161 - Instantiating new browser for Auth
2025-01-16 17:41:45,498 [INFO] WebApp:779 - Register for checkConnection events
2025-01-16 17:41:45,499 [INFO] WebApp:414 - Apply proxy settings
2025-01-16 17:41:45,499 [INFO] WebApp:499 - Chromium requires no authentication
2025-01-16 17:41:45,508 [INFO] WebApp:442 - Direct internet connection detected
2025-01-16 17:41:45,676 [INFO] WebApp:192 - Starting web application
2025-01-16 17:41:45,676 [INFO] WebApp:544 - Web application path used C:\ST\STM32CubeIDE_1.13.2\STM32CubeIDE\plugins\com.st.stm32cube.common.mx_6.11.0.202403141607\db\plugins\mcufinder\reactClient1\index.html
2025-01-16 23:40:22,637 [ERROR] LogOutputStream:75 - [STDERR_REDIRECT] 
