2024-04-28 14:58:44,704 [INFO] Activator:176 - 


2024-04-28 14:58:44,707 [INFO] Activator:177 - !SESSION log4j initialized
2024-04-28 14:58:50,001 [INFO] LogOutputStream:77 - [STDOUT_REDIRECT] 
2024-04-28 14:58:57,242 [INFO] ApplicationProperties:184 - Using Application install path: C:\ST\STM32CubeIDE_1.13.2\STM32CubeIDE\plugins\com.st.stm32cube.common.mx_6.11.0.202403141607
2024-04-28 14:58:57,262 [INFO] DbMcusXml:78 - Set database path to: C:\ST\STM32CubeIDE_1.13.2\STM32CubeIDE\plugins\com.st.stm32cube.common.mx_6.11.0.202403141607\\db\/mcu/
2024-04-28 14:58:57,262 [INFO] ApiDb:274 - Set plugin database path to: C:\ST\STM32CubeIDE_1.13.2\STM32CubeIDE\plugins\com.st.stm32cube.common.mx_6.11.0.202403141607\\db\/plugins/boardmanager/
2024-04-28 14:58:57,263 [WARN] ApiDb:259 - Overriding images path with different value:  => C:\ST\STM32CubeIDE_1.13.2\STM32CubeIDE\plugins\com.st.stm32cube.common.mx_6.11.0.202403141607\\db\/plugins/mcufinder/images/
2024-04-28 14:58:57,278 [INFO] ApiDb:250 - Set database path to: C:\Users\zuhan\.stmcufinder\plugins\mcufinder//mcu/
2024-04-28 14:58:57,280 [INFO] DbMcusAds:125 - Set database path to: C:\Users\zuhan\.stmcufinder\plugins\mcufinder//mcu/
2024-04-28 14:58:57,282 [INFO] CrossReferenceDbSqlite:203 - Set database path to: C:\Users\zuhan\.stmcufinder\plugins\mcufinder//mcu/cs/
2024-04-28 14:58:57,453 [INFO] RulesReader:64 - Compatibility file has been processed (297 Rules)
2024-04-28 14:58:57,586 [INFO] DbMcusXml:78 - Set database path to: C:\ST\STM32CubeIDE_1.13.2\STM32CubeIDE\plugins\com.st.stm32cube.common.mx_6.11.0.202403141607\\db\/mcu/
2024-04-28 14:58:57,586 [INFO] ApiDb:274 - Set plugin database path to: C:\ST\STM32CubeIDE_1.13.2\STM32CubeIDE\plugins\com.st.stm32cube.common.mx_6.11.0.202403141607\\db\/plugins/boardmanager/
2024-04-28 14:58:57,586 [INFO] ApiDb:261 - Set plugin images path to: C:\ST\STM32CubeIDE_1.13.2\STM32CubeIDE\plugins\com.st.stm32cube.common.mx_6.11.0.202403141607\\db\/plugins/mcufinder/images/
2024-04-28 14:58:57,587 [WARN] DbFile:41 - Overriding database path with different value: C:\Users\zuhan\.stmcufinder\plugins\mcufinder/ => C:\Users\zuhan\.stmcufinder\plugins\mcufinder
2024-04-28 14:58:57,587 [INFO] ApiDb:250 - Set database path to: C:\Users\zuhan\.stmcufinder\plugins\mcufinder//mcu/
2024-04-28 14:58:57,587 [WARN] DbFile:41 - Overriding database path with different value: C:\Users\zuhan\.stmcufinder\plugins\mcufinder/ => C:\Users\zuhan\.stmcufinder\plugins\mcufinder
2024-04-28 14:58:57,587 [INFO] DbMcusAds:125 - Set database path to: C:\Users\zuhan\.stmcufinder\plugins\mcufinder//mcu/
2024-04-28 14:58:57,588 [WARN] DbFile:41 - Overriding database path with different value: C:\Users\zuhan\.stmcufinder\plugins\mcufinder/ => C:\Users\zuhan\.stmcufinder\plugins\mcufinder
2024-04-28 14:58:57,588 [WARN] DbFile:41 - Overriding database path with different value: C:\Users\zuhan\.stmcufinder\plugins\mcufinder/ => C:\Users\zuhan\.stmcufinder\plugins\mcufinder
2024-04-28 14:58:57,588 [INFO] CrossReferenceDbSqlite:203 - Set database path to: C:\Users\zuhan\.stmcufinder\plugins\mcufinder//mcu/cs/
2024-04-28 14:58:57,703 [INFO] MainPanel:264 - HeapMemory: 268435456
2024-04-28 14:58:57,851 [INFO] DbMcusXml:78 - Set database path to: C:\ST\STM32CubeIDE_1.13.2\STM32CubeIDE\plugins\com.st.stm32cube.common.mx_6.11.0.202403141607\\db\/mcu/
2024-04-28 14:58:57,851 [INFO] ApiDb:274 - Set plugin database path to: C:\ST\STM32CubeIDE_1.13.2\STM32CubeIDE\plugins\com.st.stm32cube.common.mx_6.11.0.202403141607\\db\/plugins/boardmanager/
2024-04-28 14:58:57,852 [INFO] ApiDb:261 - Set plugin images path to: C:\ST\STM32CubeIDE_1.13.2\STM32CubeIDE\plugins\com.st.stm32cube.common.mx_6.11.0.202403141607\\db\/plugins/mcufinder/images/
2024-04-28 14:58:57,852 [WARN] DbFile:41 - Overriding database path with different value: C:\Users\zuhan\.stmcufinder\plugins\mcufinder/ => C:\Users\zuhan\.stmcufinder\plugins\mcufinder
2024-04-28 14:58:57,852 [INFO] ApiDb:250 - Set database path to: C:\Users\zuhan\.stmcufinder\plugins\mcufinder//mcu/
2024-04-28 14:58:57,852 [WARN] DbFile:41 - Overriding database path with different value: C:\Users\zuhan\.stmcufinder\plugins\mcufinder/ => C:\Users\zuhan\.stmcufinder\plugins\mcufinder
2024-04-28 14:58:57,853 [INFO] DbMcusAds:125 - Set database path to: C:\Users\zuhan\.stmcufinder\plugins\mcufinder//mcu/
2024-04-28 14:58:57,853 [WARN] DbFile:41 - Overriding database path with different value: C:\Users\zuhan\.stmcufinder\plugins\mcufinder/ => C:\Users\zuhan\.stmcufinder\plugins\mcufinder
2024-04-28 14:58:57,853 [WARN] DbFile:41 - Overriding database path with different value: C:\Users\zuhan\.stmcufinder\plugins\mcufinder/ => C:\Users\zuhan\.stmcufinder\plugins\mcufinder
2024-04-28 14:58:57,853 [INFO] CrossReferenceDbSqlite:203 - Set database path to: C:\Users\zuhan\.stmcufinder\plugins\mcufinder//mcu/cs/
2024-04-28 14:58:57,881 [INFO] ApplicationProperties:184 - Using Application install path: C:\ST\STM32CubeIDE_1.13.2\STM32CubeIDE\plugins\com.st.stm32cube.common.mx_6.11.0.202403141607
2024-04-28 14:58:57,883 [INFO] PluginManage:196 - Search for loadable plugins [exclusion list=, ]
2024-04-28 14:58:57,886 [INFO] PluginManage:310 - Check plugin analytics
2024-04-28 14:59:03,062 [INFO] AnalyticsPlugin:253 - Accepted Software Licenses: STM32CubeMX.6.9.2,STM32CubeMX.6.11.0
2024-04-28 14:59:03,063 [INFO] AnalyticsPlugin:255 - Accepted CMSIS Pack Licenses: 
2024-04-28 14:59:03,063 [INFO] AnalyticsPlugin:257 - Accepted Firmware Licenses: FW.F4.1.27.0,FW.F4.1.28.0,FW.L4.1.18.0
2024-04-28 14:59:03,068 [INFO] PluginManage:359 - Loaded plugin analytics (category:tool,tabindex:-1)
2024-04-28 14:59:03,069 [INFO] PluginManage:310 - Check plugin cadmodel
2024-04-28 14:59:03,093 [INFO] CADModel:105 - Init CAD model plugin
2024-04-28 14:59:03,093 [INFO] PluginManage:359 - Loaded plugin cadmodel (category:power,tabindex:5)
2024-04-28 14:59:03,094 [INFO] PluginManage:310 - Check plugin clock
2024-04-28 14:59:03,126 [INFO] PluginManage:359 - Loaded plugin clock (category:base,tabindex:2)
2024-04-28 14:59:03,127 [INFO] PluginManage:310 - Check plugin ddr
2024-04-28 14:59:03,130 [INFO] PluginManage:359 - Loaded plugin ddr (category:tool,tabindex:6)
2024-04-28 14:59:03,130 [INFO] PluginManage:310 - Check plugin filemanager
2024-04-28 14:59:03,429 [INFO] PluginManage:359 - Loaded plugin filemanager (category:base,tabindex:10)
2024-04-28 14:59:03,429 [INFO] PluginManage:310 - Check plugin ipmanager
2024-04-28 14:59:03,449 [INFO] PluginManage:359 - Loaded plugin ipmanager (category:base,tabindex:5)
2024-04-28 14:59:03,450 [INFO] PluginManage:310 - Check plugin lpbam
2024-04-28 14:59:03,493 [INFO] PluginManage:359 - Loaded plugin lpbam (category:base,tabindex:0)
2024-04-28 14:59:03,493 [INFO] PluginManage:310 - Check plugin memorymap
2024-04-28 14:59:03,533 [INFO] PluginManage:359 - Loaded plugin memorymap (category:base,tabindex:4)
2024-04-28 14:59:03,534 [INFO] PluginManage:310 - Check plugin pinoutandconfiguration
2024-04-28 14:59:03,559 [INFO] PluginManage:359 - Loaded plugin pinoutandconfiguration (category:base,tabindex:1)
2024-04-28 14:59:03,559 [INFO] PluginManage:310 - Check plugin pinoutconfig
2024-04-28 14:59:03,688 [WARN] SupportedApi:132 - Cannot load RTOS API schema: s4s-elt-must-match.1: The content of 'definitions' must match (annotation?, (simpleType | complexType)?, (unique | key | keyref)*)). A problem was found starting at: attribute.
2024-04-28 14:59:03,902 [INFO] PluginManage:359 - Loaded plugin pinoutconfig (category:base,tabindex:0)
2024-04-28 14:59:03,903 [INFO] PluginManage:310 - Check plugin power
2024-04-28 14:59:03,930 [INFO] PluginManage:359 - Loaded plugin power (category:power,tabindex:4)
2024-04-28 14:59:03,931 [INFO] PluginManage:310 - Check plugin projectmanager
2024-04-28 14:59:03,957 [INFO] PluginManage:359 - Loaded plugin projectmanager (category:projectmanager,tabindex:3)
2024-04-28 14:59:03,958 [INFO] PluginManage:310 - Check plugin thirdparty
2024-04-28 14:59:04,353 [INFO] PluginManage:359 - Loaded plugin thirdparty (category:base,tabindex:-1)
2024-04-28 14:59:04,353 [WARN] IntegrityCheckThread:84 - waiting for thirdparty lock release [integrity check]
2024-04-28 14:59:04,354 [INFO] PluginManage:310 - Check plugin tools
2024-04-28 14:59:04,354 [INFO] IntegrityCheckThread:86 - entering critical section [integrity check]
2024-04-28 14:59:04,354 [INFO] ThirdPartyUpdaterWithRetryManager:70 - Updater plugin not ready yet. [1/15]
2024-04-28 14:59:04,407 [INFO] PluginManage:359 - Loaded plugin tools (category:base,tabindex:7)
2024-04-28 14:59:04,407 [INFO] PluginManage:310 - Check plugin tutovideos
2024-04-28 14:59:04,755 [INFO] PluginManage:359 - Loaded plugin tutovideos (category:base,tabindex:-1)
2024-04-28 14:59:04,755 [INFO] PluginManage:310 - Check plugin updater
2024-04-28 14:59:04,775 [INFO] PluginManage:359 - Loaded plugin updater (category:base,tabindex:12)
2024-04-28 14:59:04,775 [INFO] PluginManage:310 - Check plugin userauth
2024-04-28 14:59:04,787 [INFO] UserAuth:114 - Init User Auth plugin
2024-04-28 14:59:04,787 [INFO] PluginManage:359 - Loaded plugin userauth (category:base,tabindex:14)
2024-04-28 14:59:04,788 [INFO] PluginManage:283 - PluginManage : Loaded plugins [17]
2024-04-28 14:59:05,281 [INFO] PinOutPanel:1561 - setPackage(No Configuration,No Configuration)
2024-04-28 14:59:05,427 [INFO] CADModel:165 - CPN selected for project level
2024-04-28 14:59:05,428 [INFO] CADModel:114 - Register for checkConnection events
2024-04-28 14:59:05,470 [INFO] IPUIPlugin:80 - create IPUIPlugin
2024-04-28 14:59:05,471 [INFO] PluginManager:220 - loadIPPluginJar : add adc
2024-04-28 14:59:05,532 [INFO] IPUIPlugin:80 - create IPUIPlugin
2024-04-28 14:59:05,532 [INFO] PluginManager:220 - loadIPPluginJar : add aes
2024-04-28 14:59:05,626 [INFO] IPUIPlugin:80 - create IPUIPlugin
2024-04-28 14:59:05,627 [INFO] PluginManager:220 - loadIPPluginJar : add can
2024-04-28 14:59:05,676 [INFO] IPUIPlugin:80 - create IPUIPlugin
2024-04-28 14:59:05,689 [INFO] PluginManager:220 - loadIPPluginJar : add comp
2024-04-28 14:59:05,754 [INFO] IPUIPlugin:80 - create IPUIPlugin
2024-04-28 14:59:05,754 [INFO] PluginManager:220 - loadIPPluginJar : add cryp
2024-04-28 14:59:05,811 [INFO] IPUIPlugin:80 - create IPUIPlugin
2024-04-28 14:59:05,811 [INFO] PluginManager:220 - loadIPPluginJar : add dfsdm
2024-04-28 14:59:05,835 [INFO] IPUIPlugin:80 - create IPUIPlugin
2024-04-28 14:59:05,836 [INFO] PluginManager:220 - loadIPPluginJar : add dma
2024-04-28 14:59:05,912 [INFO] IPUIPlugin:80 - create IPUIPlugin
2024-04-28 14:59:05,912 [INFO] PluginManager:220 - loadIPPluginJar : add dma3
2024-04-28 14:59:05,988 [INFO] IPUIPlugin:80 - create IPUIPlugin
2024-04-28 14:59:05,989 [INFO] PluginManager:220 - loadIPPluginJar : add extmemmanager
2024-04-28 14:59:06,028 [INFO] IPUIPlugin:80 - create IPUIPlugin
2024-04-28 14:59:06,029 [INFO] PluginManager:220 - loadIPPluginJar : add fatfs
2024-04-28 14:59:06,106 [INFO] IPUIPlugin:80 - create IPUIPlugin
2024-04-28 14:59:06,106 [INFO] PluginManager:220 - loadIPPluginJar : add fmc
2024-04-28 14:59:06,136 [INFO] IPUIPlugin:80 - create IPUIPlugin
2024-04-28 14:59:06,137 [INFO] PluginManager:220 - loadIPPluginJar : add freertos
2024-04-28 14:59:06,180 [INFO] IPUIPlugin:80 - create IPUIPlugin
2024-04-28 14:59:06,180 [INFO] PluginManager:220 - loadIPPluginJar : add genericplugin
2024-04-28 14:59:06,386 [INFO] IPUIPlugin:80 - create IPUIPlugin
2024-04-28 14:59:06,386 [INFO] PluginManager:220 - loadIPPluginJar : add gfxmmu
2024-04-28 14:59:06,592 [INFO] IPUIPlugin:80 - create IPUIPlugin
2024-04-28 14:59:06,592 [INFO] PluginManager:220 - loadIPPluginJar : add gic
2024-04-28 14:59:06,607 [INFO] IPUIPlugin:80 - create IPUIPlugin
2024-04-28 14:59:06,607 [INFO] PluginManager:220 - loadIPPluginJar : add gpio
2024-04-28 14:59:06,726 [INFO] IPUIPlugin:80 - create IPUIPlugin
2024-04-28 14:59:06,727 [INFO] PluginManager:220 - loadIPPluginJar : add gtzc
2024-04-28 14:59:06,777 [INFO] IPUIPlugin:80 - create IPUIPlugin
2024-04-28 14:59:06,778 [INFO] PluginManager:220 - loadIPPluginJar : add hash
2024-04-28 14:59:06,856 [INFO] IPUIPlugin:80 - create IPUIPlugin
2024-04-28 14:59:06,856 [INFO] PluginManager:220 - loadIPPluginJar : add i2c
2024-04-28 14:59:06,908 [INFO] IPUIPlugin:80 - create IPUIPlugin
2024-04-28 14:59:06,908 [INFO] PluginManager:220 - loadIPPluginJar : add i2s
2024-04-28 14:59:06,967 [INFO] IPUIPlugin:80 - create IPUIPlugin
2024-04-28 14:59:06,968 [INFO] PluginManager:220 - loadIPPluginJar : add i3c
2024-04-28 14:59:07,128 [INFO] IPUIPlugin:80 - create IPUIPlugin
2024-04-28 14:59:07,129 [INFO] PluginManager:220 - loadIPPluginJar : add ipddr
2024-04-28 14:59:07,252 [INFO] IPUIPlugin:80 - create IPUIPlugin
2024-04-28 14:59:07,252 [INFO] PluginManager:220 - loadIPPluginJar : add linkedlist
2024-04-28 14:59:07,297 [INFO] IPUIPlugin:80 - create IPUIPlugin
2024-04-28 14:59:07,297 [INFO] PluginManager:220 - loadIPPluginJar : add lorawan
2024-04-28 14:59:07,356 [INFO] ThirdPartyUpdaterWithRetryManager:70 - Updater plugin not ready yet. [2/15]
2024-04-28 14:59:07,366 [INFO] IPUIPlugin:80 - create IPUIPlugin
2024-04-28 14:59:07,366 [INFO] PluginManager:220 - loadIPPluginJar : add ltdc
2024-04-28 14:59:07,384 [INFO] IPUIPlugin:80 - create IPUIPlugin
2024-04-28 14:59:07,385 [INFO] PluginManager:220 - loadIPPluginJar : add mdma
2024-04-28 14:59:07,404 [INFO] IPUIPlugin:80 - create IPUIPlugin
2024-04-28 14:59:07,404 [INFO] PluginManager:220 - loadIPPluginJar : add nvic
2024-04-28 14:59:07,448 [INFO] IPUIPlugin:80 - create IPUIPlugin
2024-04-28 14:59:07,448 [INFO] PluginManager:220 - loadIPPluginJar : add opamp
2024-04-28 14:59:07,515 [INFO] IPUIPlugin:80 - create IPUIPlugin
2024-04-28 14:59:07,515 [INFO] PluginManager:220 - loadIPPluginJar : add openamp
2024-04-28 14:59:07,559 [INFO] IPUIPlugin:80 - create IPUIPlugin
2024-04-28 14:59:07,559 [INFO] PluginManager:220 - loadIPPluginJar : add pdm2pcm
2024-04-28 14:59:07,573 [INFO] IPUIPlugin:80 - create IPUIPlugin
2024-04-28 14:59:07,576 [INFO] PluginManager:220 - loadIPPluginJar : add plateformsettings
2024-04-28 14:59:07,597 [INFO] IPUIPlugin:80 - create IPUIPlugin
2024-04-28 14:59:07,597 [INFO] PluginManager:220 - loadIPPluginJar : add quadspi
2024-04-28 14:59:07,608 [INFO] IPUIPlugin:80 - create IPUIPlugin
2024-04-28 14:59:07,608 [INFO] PluginManager:220 - loadIPPluginJar : add resmgrutility
2024-04-28 14:59:07,648 [INFO] IPUIPlugin:80 - create IPUIPlugin
2024-04-28 14:59:07,649 [INFO] PluginManager:220 - loadIPPluginJar : add sai
2024-04-28 14:59:07,682 [INFO] IPUIPlugin:80 - create IPUIPlugin
2024-04-28 14:59:07,682 [INFO] PluginManager:220 - loadIPPluginJar : add spi
2024-04-28 14:59:07,742 [INFO] IPUIPlugin:80 - create IPUIPlugin
2024-04-28 14:59:07,742 [INFO] PluginManager:220 - loadIPPluginJar : add stm32_wpan
2024-04-28 14:59:07,765 [INFO] IPUIPlugin:80 - create IPUIPlugin
2024-04-28 14:59:07,765 [INFO] PluginManager:220 - loadIPPluginJar : add tim
2024-04-28 14:59:07,842 [INFO] IPUIPlugin:80 - create IPUIPlugin
2024-04-28 14:59:07,842 [INFO] PluginManager:220 - loadIPPluginJar : add touchsensing
2024-04-28 14:59:07,865 [INFO] IPUIPlugin:80 - create IPUIPlugin
2024-04-28 14:59:07,865 [INFO] PluginManager:220 - loadIPPluginJar : add tracer_emb
2024-04-28 14:59:07,890 [INFO] IPUIPlugin:80 - create IPUIPlugin
2024-04-28 14:59:07,890 [INFO] PluginManager:220 - loadIPPluginJar : add ts
2024-04-28 14:59:07,916 [INFO] IPUIPlugin:80 - create IPUIPlugin
2024-04-28 14:59:07,916 [INFO] PluginManager:220 - loadIPPluginJar : add tsc
2024-04-28 14:59:07,944 [INFO] IPUIPlugin:80 - create IPUIPlugin
2024-04-28 14:59:07,944 [INFO] PluginManager:220 - loadIPPluginJar : add ucpd
2024-04-28 14:59:07,992 [INFO] IPUIPlugin:80 - create IPUIPlugin
2024-04-28 14:59:07,992 [INFO] PluginManager:220 - loadIPPluginJar : add usart
2024-04-28 14:59:08,054 [INFO] IPUIPlugin:80 - create IPUIPlugin
2024-04-28 14:59:08,054 [INFO] PluginManager:220 - loadIPPluginJar : add usbx
2024-04-28 14:59:08,211 [INFO] CADModel:165 - CPN selected for project level
2024-04-28 14:59:08,212 [INFO] CADModel:114 - Register for checkConnection events
2024-04-28 14:59:08,212 [FATAL] Updater:308 - Updater called before beeing initialized
2024-04-28 14:59:08,212 [ERROR] CADModel:125 - Updater not yet initialized, retry later 
2024-04-28 14:59:08,482 [INFO] CADModel:165 - CPN selected for project level
2024-04-28 14:59:08,482 [INFO] CADModel:114 - Register for checkConnection events
2024-04-28 14:59:08,482 [FATAL] Updater:308 - Updater called before beeing initialized
2024-04-28 14:59:08,483 [ERROR] CADModel:125 - Updater not yet initialized, retry later 
2024-04-28 14:59:08,489 [FATAL] Updater:308 - Updater called before beeing initialized
2024-04-28 14:59:08,649 [FATAL] Updater:308 - Updater called before beeing initialized
2024-04-28 14:59:08,665 [INFO] DbMcusAds:53 - JSON generation date=Wed Nov 29 05:52:27 EST 2023 (1701255147349)
2024-04-28 14:59:08,665 [FATAL] Updater:308 - Updater called before beeing initialized
2024-04-28 14:59:08,782 [WARN] DetailPanel:346 - Failed to get advertising image, set to default
2024-04-28 14:59:08,915 [FATAL] Updater:308 - Updater called before beeing initialized
2024-04-28 14:59:08,920 [FATAL] Updater:308 - Updater called before beeing initialized
2024-04-28 14:59:08,920 [FATAL] Updater:308 - Updater called before beeing initialized
2024-04-28 14:59:08,920 [WARN] DetailPanel:346 - Failed to get advertising image, set to default
2024-04-28 14:59:08,921 [FATAL] Updater:308 - Updater called before beeing initialized
2024-04-28 14:59:09,017 [ERROR] Updater:1120 - MainUpdater not yet initialized. External WinMGr cannot be set.
2024-04-28 14:59:09,036 [INFO] Updater:1056 - Updater Version found : 6.11.0
2024-04-28 14:59:09,072 [INFO] ApplicationProperties:184 - Using Application install path: C:\ST\STM32CubeIDE_1.13.2\STM32CubeIDE\plugins\com.st.stm32cube.common.mx_6.11.0.202403141607
2024-04-28 14:59:09,815 [INFO] MainUpdater:2873 - connection check result : 10
2024-04-28 14:59:09,816 [INFO] MainUpdater:290 - Updater Check For Update Now.
2024-04-28 14:59:09,817 [INFO] MicroXplorer:498 - Change Database Version : DB.6.0.110
2024-04-28 14:59:09,845 [INFO] McuFinderGlobals:63 - Set McuFinder mode to 2 (CubeIDE integrated)
2024-04-28 14:59:09,860 [INFO] UserAuth:415 - Internet connection configuration mode: 1
2024-04-28 14:59:09,907 [INFO] JxBrowserEngine:152 - Initiate JxBrowser Engine with user profile folder
2024-04-28 14:59:10,020 [INFO] CheckServerUpdateThread:120 - End of CheckServer Thread
2024-04-28 14:59:10,667 [WARN] PackLoader:240 - Cannot read IP mode file for STMicroelectronics.FP-SNS-MOTENVWB1.1.4.0
2024-04-28 14:59:10,697 [WARN] PackLoader:240 - Cannot read IP mode file for STMicroelectronics.X-CUBE-SMBUS.2.1.0
2024-04-28 14:59:10,718 [WARN] PackLoader:240 - Cannot read IP mode file for STMicroelectronics.X-CUBE-TOUCHGFX.4.23.2
2024-04-28 14:59:10,767 [WARN] PackLoader:240 - Cannot read IP mode file for STMicroelectronics.X-CUBE-AZRTOS-F7.1.1.0
2024-04-28 14:59:10,793 [WARN] PackLoader:240 - Cannot read IP mode file for STMicroelectronics.FP-SNS-MOTENV1.4.3.2
2024-04-28 14:59:10,812 [WARN] PackLoader:240 - Cannot read IP mode file for STMicroelectronics.FP-SNS-FLIGHT1.5.0.2
2024-04-28 14:59:10,833 [WARN] PackLoader:240 - Cannot read IP mode file for STMicroelectronics.X-CUBE-DISPLAY.3.0.0
2024-04-28 14:59:10,862 [WARN] PackLoader:240 - Cannot read IP mode file for STMicroelectronics.X-CUBE-BLE1.7.0.0
2024-04-28 14:59:10,882 [WARN] PackLoader:240 - Cannot read IP mode file for emotas.I-CUBE-CANOPEN.1.3.0
2024-04-28 14:59:10,903 [WARN] PackLoader:240 - Cannot read IP mode file for STMicroelectronics.X-CUBE-TOUCHGFX.4.22.1
2024-04-28 14:59:10,937 [WARN] PackLoader:240 - Cannot read IP mode file for STMicroelectronics.X-CUBE-BLEMGR.3.1.0
2024-04-28 14:59:10,977 [INFO] LogOutputStream:77 - [STDOUT_REDIRECT] 1 : Invalid condition id : UX_CORESTACK_Condition cause : null
2024-04-28 14:59:10,977 [INFO] LogOutputStream:77 - [STDOUT_REDIRECT] 1 : Invalid condition id : UX_CORESTACK_Condition cause : null
2024-04-28 14:59:10,979 [INFO] LogOutputStream:77 - [STDOUT_REDIRECT] 1 : Invalid condition id : UX_CORESTACK_Condition cause : null
2024-04-28 14:59:10,980 [INFO] LogOutputStream:77 - [STDOUT_REDIRECT] 1 : Invalid condition id : UX_CORESTACK_Condition cause : null
2024-04-28 14:59:10,983 [INFO] LogOutputStream:77 - [STDOUT_REDIRECT] 1 : Invalid condition id : UX_CORESTACK_Condition cause : null
2024-04-28 14:59:11,001 [WARN] PackLoader:240 - Cannot read IP mode file for STMicroelectronics.X-CUBE-AZRTOS-WL.2.0.0
2024-04-28 14:59:11,028 [WARN] PackLoader:240 - Cannot read IP mode file for STMicroelectronics.FP-SNS-MOTENV1.5.0.0
2024-04-28 14:59:11,053 [WARN] PackLoader:240 - Cannot read IP mode file for WES.I-CUBE-Cesium.1.3.0
2024-04-28 14:59:11,068 [WARN] PackLoader:240 - Cannot read IP mode file for STMicroelectronics.X-CUBE-BLE2.3.3.0
2024-04-28 14:59:11,092 [WARN] PackLoader:240 - Cannot read IP mode file for STMicroelectronics.X-CUBE-TCPP.4.1.0
2024-04-28 14:59:11,115 [WARN] PackLoader:240 - Cannot read IP mode file for STMicroelectronics.X-CUBE-ALGOBUILD.1.3.0
2024-04-28 14:59:11,157 [WARN] PackLoader:240 - Cannot read IP mode file for STMicroelectronics.X-CUBE-AZRTOS-G0.1.1.0
2024-04-28 14:59:11,181 [WARN] PackLoader:240 - Cannot read IP mode file for STMicroelectronics.X-CUBE-SAFEA1.1.2.2
2024-04-28 14:59:11,201 [WARN] PackLoader:240 - Cannot read IP mode file for STMicroelectronics.X-CUBE-NFC4.3.0.0
2024-04-28 14:59:11,225 [WARN] PackLoader:240 - Cannot read IP mode file for STMicroelectronics.X-CUBE-BLEMGR.3.0.0
2024-04-28 14:59:11,245 [WARN] PackLoader:240 - Cannot read IP mode file for STMicroelectronics.FP-ATR-SIGFOX1.3.2.0
2024-04-28 14:59:11,266 [WARN] PackLoader:240 - Cannot read IP mode file for STMicroelectronics.X-CUBE-EEPRMA1.5.1.0
2024-04-28 14:59:11,337 [WARN] PackLoader:240 - Cannot read IP mode file for SEGGER.I-CUBE-embOS.1.3.1
2024-04-28 14:59:11,397 [WARN] PackLoader:240 - Cannot read IP mode file for STMicroelectronics.X-CUBE-GNSS1.6.0.0
2024-04-28 14:59:11,440 [WARN] PackLoader:240 - Cannot read IP mode file for STMicroelectronics.X-CUBE-AZRTOS-F4.1.1.0
2024-04-28 14:59:11,463 [WARN] PackLoader:240 - Cannot read IP mode file for wolfSSL.I-CUBE-wolfSSL.5.6.3
2024-04-28 14:59:11,481 [WARN] PackLoader:240 - Cannot read IP mode file for STMicroelectronics.X-CUBE-FREERTOS.1.2.0
2024-04-28 14:59:11,523 [WARN] PackLoader:240 - Cannot read IP mode file for STMicroelectronics.X-CUBE-AZRTOS-L5.2.0.0
2024-04-28 14:59:11,588 [WARN] PackLoader:240 - Cannot read IP mode file for STMicroelectronics.X-CUBE-MEMS1.9.6.0
2024-04-28 14:59:11,719 [WARN] PackLoader:240 - Cannot read IP mode file for STMicroelectronics.X-CUBE-EEPRMA1.4.2.0
2024-04-28 14:59:11,734 [WARN] PackLoader:240 - Cannot read IP mode file for STMicroelectronics.X-CUBE-NFC6.3.1.0
2024-04-28 14:59:11,748 [WARN] PackLoader:240 - Cannot read IP mode file for ITTIA_DB.I-CUBE-ITTIADB.8.8.0
2024-04-28 14:59:11,765 [WARN] PackLoader:240 - Cannot read IP mode file for STMicroelectronics.X-CUBE-BLEMGR.2.0.0
2024-04-28 14:59:11,784 [WARN] PackLoader:240 - Cannot read IP mode file for STMicroelectronics.X-CUBE-AI.9.0.0
2024-04-28 14:59:11,816 [WARN] ConditionMgr:438 - getConditionDescription Invalid condition id : UX DEVICE CLASS RTOS Condition cause : null
2024-04-28 14:59:11,816 [WARN] ConditionMgr:438 - getConditionDescription Invalid condition id : UX DEVICE CLASS RTOS Condition cause : null
2024-04-28 14:59:11,819 [WARN] PackLoader:240 - Cannot read IP mode file for STMicroelectronics.X-CUBE-AZRTOS-H7.3.1.0
2024-04-28 14:59:11,821 [WARN] ConditionMgr:1039 - genDependencies : Invalid condition id : UX DEVICE CLASS RTOS Condition cause : null
2024-04-28 14:59:11,822 [WARN] ConditionMgr:1039 - genDependencies : Invalid condition id : UX DEVICE CLASS RTOS Condition cause : null
2024-04-28 14:59:11,823 [WARN] ConditionMgr:1039 - genDependencies : Invalid condition id : UX DEVICE CLASS RTOS Condition cause : null
2024-04-28 14:59:11,824 [WARN] ConditionMgr:1039 - genDependencies : Invalid condition id : UX DEVICE CLASS RTOS Condition cause : null
2024-04-28 14:59:11,824 [WARN] ConditionMgr:1039 - genDependencies : Invalid condition id : UX DEVICE CLASS RTOS Condition cause : null
2024-04-28 14:59:11,851 [WARN] PackLoader:240 - Cannot read IP mode file for STMicroelectronics.X-CUBE-NFC7.1.0.1
2024-04-28 14:59:11,874 [WARN] PackLoader:240 - Cannot read IP mode file for STMicroelectronics.X-CUBE-NFC6.3.0.0
2024-04-28 14:59:11,911 [WARN] PackLoader:240 - Cannot read IP mode file for STMicroelectronics.X-CUBE-EEPRMA1.4.1.0
2024-04-28 14:59:11,928 [WARN] PackLoader:240 - Cannot read IP mode file for STMicroelectronics.X-CUBE-AI.8.1.0
2024-04-28 14:59:11,967 [WARN] ConditionMgr:438 - getConditionDescription Invalid condition id : LAN8742 Phy interface Condition cause : null
2024-04-28 14:59:11,968 [WARN] PackLoader:240 - Cannot read IP mode file for STMicroelectronics.X-CUBE-AZRTOS-L4.2.0.0
2024-04-28 14:59:11,969 [WARN] ConditionMgr:1039 - genDependencies : Invalid condition id : LAN8742 Phy interface Condition cause : null
2024-04-28 14:59:11,970 [WARN] ConditionMgr:1039 - genDependencies : Invalid condition id : LAN8742 Phy interface Condition cause : null
2024-04-28 14:59:11,970 [WARN] ConditionMgr:1039 - genDependencies : Invalid condition id : LAN8742 Phy interface Condition cause : null
2024-04-28 14:59:11,990 [WARN] PackLoader:240 - Cannot read IP mode file for STMicroelectronics.X-CUBE-SFXS2LP1.4.0.0
2024-04-28 14:59:12,009 [WARN] PackLoader:240 - Cannot read IP mode file for STMicroelectronics.X-CUBE-ISPU.1.1.0
2024-04-28 14:59:12,037 [WARN] ConditionMgr:438 - getConditionDescription Invalid condition id : UX DEVICE CLASS RTOS Condition cause : null
2024-04-28 14:59:12,037 [WARN] ConditionMgr:438 - getConditionDescription Invalid condition id : UX DEVICE CLASS RTOS Condition cause : null
2024-04-28 14:59:12,039 [WARN] PackLoader:240 - Cannot read IP mode file for STMicroelectronics.X-CUBE-AZRTOS-WB.2.0.0
2024-04-28 14:59:12,040 [WARN] ConditionMgr:1039 - genDependencies : Invalid condition id : UX DEVICE CLASS RTOS Condition cause : null
2024-04-28 14:59:12,040 [WARN] ConditionMgr:1039 - genDependencies : Invalid condition id : UX DEVICE CLASS RTOS Condition cause : null
2024-04-28 14:59:12,041 [WARN] ConditionMgr:1039 - genDependencies : Invalid condition id : UX DEVICE CLASS RTOS Condition cause : null
2024-04-28 14:59:12,042 [WARN] ConditionMgr:1039 - genDependencies : Invalid condition id : UX DEVICE CLASS RTOS Condition cause : null
2024-04-28 14:59:12,042 [WARN] ConditionMgr:1039 - genDependencies : Invalid condition id : UX DEVICE CLASS RTOS Condition cause : null
2024-04-28 14:59:12,066 [WARN] PackLoader:240 - Cannot read IP mode file for STMicroelectronics.X-CUBE-SUBG2.5.0.0
2024-04-28 14:59:12,096 [WARN] PackLoader:240 - Cannot read IP mode file for STMicroelectronics.X-CUBE-TOF1.3.3.1
2024-04-28 14:59:12,129 [WARN] PackLoader:240 - Cannot read IP mode file for STMicroelectronics.X-CUBE-AZRTOS-G4.2.0.0
2024-04-28 14:59:12,155 [WARN] PackLoader:240 - Cannot read IP mode file for Infineon.AIROC-Wi-Fi-Bluetooth-STM32.1.5.1
2024-04-28 14:59:12,180 [WARN] PackLoader:240 - Cannot read IP mode file for STMicroelectronics.FP-SNS-MOTENVWB1.1.3.0
2024-04-28 14:59:12,196 [WARN] PackLoader:240 - Cannot read IP mode file for STMicroelectronics.FP-SNS-MOTENVWB1.1.3.1
2024-04-28 14:59:12,214 [WARN] PackLoader:240 - Cannot read IP mode file for STMicroelectronics.X-CUBE-ISPU.2.0.0
2024-04-28 14:59:12,271 [WARN] PackLoader:240 - Cannot read IP mode file for STMicroelectronics.X-CUBE-MEMS1.10.0.0
2024-04-28 14:59:12,395 [WARN] PackLoader:240 - Cannot read IP mode file for STMicroelectronics.X-CUBE-FREERTOS.1.1.0
2024-04-28 14:59:12,415 [WARN] PackLoader:240 - Cannot read IP mode file for portGmbH.I-Cube-SoM-uGOAL.1.1.0
2024-04-28 14:59:12,435 [WARN] PackLoader:240 - Cannot read IP mode file for STMicroelectronics.X-CUBE-ALS.1.0.1
2024-04-28 14:59:12,472 [WARN] PackLoader:240 - Cannot read IP mode file for STMicroelectronics.X-CUBE-AZRTOS-H7RS.1.0.0
2024-04-28 14:59:12,491 [WARN] PackLoader:240 - Cannot read IP mode file for STMicroelectronics.FP-ATR-ASTRA1.2.0.0
2024-04-28 14:59:12,512 [WARN] PackLoader:240 - Cannot read IP mode file for STMicroelectronics.X-CUBE-TOF1.3.4.0
2024-04-28 14:59:12,548 [WARN] PackLoader:240 - Cannot read IP mode file for STMicroelectronics.X-CUBE-TOF1.3.4.1
2024-04-28 14:59:12,586 [WARN] PackLoader:240 - Cannot read IP mode file for STMicroelectronics.X-CUBE-AZRTOS-H7.3.2.0
2024-04-28 14:59:12,589 [INFO] ThirdParty:978 - Integrity check success = true
2024-04-28 14:59:12,590 [INFO] IntegrityCheckThread:100 - exiting critical section [integrity check]
2024-04-28 14:59:12,590 [INFO] IntegrityCheckThread:103 - End integrity checks thread
2024-04-28 14:59:16,714 [INFO] WebApp:161 - Instantiating new browser for Auth
2024-04-28 14:59:18,243 [INFO] WebApp:779 - Register for checkConnection events
2024-04-28 14:59:18,244 [INFO] WebApp:414 - Apply proxy settings
2024-04-28 14:59:18,244 [INFO] WebApp:499 - Chromium requires no authentication
2024-04-28 14:59:18,253 [INFO] WebApp:442 - Direct internet connection detected
2024-04-28 14:59:18,520 [INFO] WebApp:192 - Starting web application
2024-04-28 14:59:18,520 [INFO] WebApp:544 - Web application path used C:\ST\STM32CubeIDE_1.13.2\STM32CubeIDE\plugins\com.st.stm32cube.common.mx_6.11.0.202403141607\db\plugins\mcufinder\reactClient1\index.html
